#
# There is insufficient memory for the Java Runtime Environment to continue.
# Native memory allocation (malloc) failed to allocate 1220656 bytes. Error detail: Chunk::new
# Possible reasons:
#   The system is out of physical RAM or swap space
#   This process is running with CompressedOops enabled, and the Java Heap may be blocking the growth of the native heap
# Possible solutions:
#   Reduce memory load on the system
#   Increase physical memory or swap space
#   Check if swap backing store is full
#   Decrease Java heap size (-Xmx/-Xms)
#   Decrease number of Java threads
#   Decrease Java thread stack sizes (-Xss)
#   Set larger code cache with -XX:ReservedCodeCacheSize=
#   JVM is running with Unscaled Compressed Oops mode in which the Java heap is
#     placed in the first 4GB address space. The Java Heap base address is the
#     maximum limit for the native heap growth. Please use -XX:HeapBaseMinAddress
#     to set the Java Heap base and to place the Java Heap above 4GB virtual address.
# This output file may be truncated or incomplete.
#
#  Out of Memory Error (arena.cpp:168), pid=20288, tid=16968
#
# JRE version: OpenJDK Runtime Environment Temurin-21.0.9+10 (21.0.9+10) (build 21.0.9+10-LTS)
# Java VM: OpenJDK 64-Bit Server VM Temurin-21.0.9+10 (21.0.9+10-LTS, mixed mode, sharing, tiered, compressed oops, compressed class ptrs, parallel gc, windows-amd64)
# No core dump will be written. Minidumps are not enabled by default on client versions of Windows
#

---------------  S U M M A R Y ------------

Command Line: --add-modules=ALL-SYSTEM --add-opens=java.base/java.util=ALL-UNNAMED --add-opens=java.base/java.lang=ALL-UNNAMED --add-opens=java.base/sun.nio.fs=ALL-UNNAMED -Declipse.application=org.eclipse.jdt.ls.core.id1 -Dosgi.bundles.defaultStartLevel=4 -Declipse.product=org.eclipse.jdt.ls.core.product -Djava.import.generatesMetadataFilesAtProjectRoot=false -DDetectVMInstallationsJob.disabled=true -Dfile.encoding=utf8 -XX:+UseParallelGC -XX:GCTimeRatio=4 -XX:AdaptiveSizePolicyWeight=90 -Dsun.zip.disableMemoryMapping=true -Xmx2G -Xms100m -Xlog:disable -javaagent:c:\Users\osiel\.vscode\extensions\redhat.java-1.52.0-win32-x64\lombok\lombok-1.18.39-4050.jar -XX:+HeapDumpOnOutOfMemoryError -XX:HeapDumpPath=c:\Users\osiel\AppData\Roaming\Code\User\workspaceStorage\e80fa791bf202e7e74fa27a104db6c74\redhat.java -Daether.dependencyCollector.impl=bf c:\Users\osiel\.vscode\extensions\redhat.java-1.52.0-win32-x64\server\plugins\org.eclipse.equinox.launcher_1.7.100.v20251111-0406.jar -configuration c:\Users\osiel\AppData\Roaming\Code\User\globalStorage\redhat.java\1.52.0\config_win -data c:\Users\osiel\AppData\Roaming\Code\User\workspaceStorage\e80fa791bf202e7e74fa27a104db6c74\redhat.java\jdt_ws --pipe=\\.\pipe\lsp-e39b73b17d32af769e07d695ffbb108c-sock

Host: AMD Ryzen 5 5500U with Radeon Graphics         , 12 cores, 5G,  Windows 11 , 64 bit Build 26100 (10.0.26100.7705)
Time: Wed Feb 18 00:10:51 2026 Central Standard Time (Mexico) elapsed time: 14724.252209 seconds (0d 4h 5m 24s)

---------------  T H R E A D  ---------------

Current thread (0x000002d5d0af2d80):  JavaThread "C2 CompilerThread0" daemon [_thread_in_native, id=16968, stack(0x000000d94b600000,0x000000d94b700000) (1024K)]


Current CompileTask:
C2:14724252 17687       4       org.eclipse.jdt.internal.core.builder.NameEnvironment::findClass (486 bytes)

Stack: [0x000000d94b600000,0x000000d94b700000]
Native frames: (J=compiled Java code, j=interpreted, Vv=VM code, C=native code)
V  [jvm.dll+0x6d6e29]
V  [jvm.dll+0x8b4b76]
V  [jvm.dll+0x8b712e]
V  [jvm.dll+0x8b7813]
V  [jvm.dll+0x283d86]
V  [jvm.dll+0xc66ed]
V  [jvm.dll+0xc6c31]
V  [jvm.dll+0x3be501]
V  [jvm.dll+0x1e3d59]
V  [jvm.dll+0x24c0f3]
V  [jvm.dll+0x24b580]
V  [jvm.dll+0x1cb13e]
V  [jvm.dll+0x25b29d]
V  [jvm.dll+0x25982a]
V  [jvm.dll+0x3f7ea6]
V  [jvm.dll+0x85e9ad]
V  [jvm.dll+0x6d565d]
C  [ucrtbase.dll+0x37b0]
C  [KERNEL32.DLL+0x2e8d7]
C  [ntdll.dll+0x8c40c]


---------------  P R O C E S S  ---------------

Threads class SMR info:
_java_thread_list=0x000002d5f1190710, length=54, elements={
0x000002d5d0a41980, 0x000002d5d0ae0190, 0x000002d5d0ae38a0, 0x000002d5d0ae7660,
0x000002d5d0ae8530, 0x000002d5d0aeea00, 0x000002d5e8891f70, 0x000002d5d0af2d80,
0x000002d5d0afe810, 0x000002d5e8a90e00, 0x000002d5e8bc3b50, 0x000002d5ee6c2120,
0x000002d5ee48b720, 0x000002d5e88eea80, 0x000002d5ee820c40, 0x000002d5e8b8fa50,
0x000002d5eebcb210, 0x000002d5eed1bfb0, 0x000002d5eed1d360, 0x000002d5eed1eda0,
0x000002d5ef80a700, 0x000002d5ef80e210, 0x000002d5ef80bab0, 0x000002d5ef80db80,
0x000002d5ef80ad90, 0x000002d5ef80e8a0, 0x000002d5ef80b420, 0x000002d5ef80ef30,
0x000002d5ef80f5c0, 0x000002d5ef80c7d0, 0x000002d5ef80fc50, 0x000002d5ef80d4f0,
0x000002d5ef8102e0, 0x000002d5ef80ce60, 0x000002d5ef810970, 0x000002d5ef811000,
0x000002d5f0454890, 0x000002d5f044df90, 0x000002d5f044ecb0, 0x000002d5f044e620,
0x000002d5f04506f0, 0x000002d5f044f340, 0x000002d5f044f9d0, 0x000002d5f0450d80,
0x000002d5f0454f20, 0x000002d5f0451aa0, 0x000002d5f0452130, 0x000002d5f0dd0c40,
0x000002d5f0dce4e0, 0x000002d5f0dd1ff0, 0x000002d5f0dcf890, 0x000002d5f0dceb70,
0x000002d5f0dd2680, 0x000002d5f0dcf200
}

Java Threads: ( => current thread )
  0x000002d5d0a41980 JavaThread "main"                              [_thread_blocked, id=18964, stack(0x000000d94ac00000,0x000000d94ad00000) (1024K)]
  0x000002d5d0ae0190 JavaThread "Reference Handler"          daemon [_thread_blocked, id=9088, stack(0x000000d94b000000,0x000000d94b100000) (1024K)]
  0x000002d5d0ae38a0 JavaThread "Finalizer"                  daemon [_thread_blocked, id=4404, stack(0x000000d94b100000,0x000000d94b200000) (1024K)]
  0x000002d5d0ae7660 JavaThread "Signal Dispatcher"          daemon [_thread_blocked, id=9252, stack(0x000000d94b200000,0x000000d94b300000) (1024K)]
  0x000002d5d0ae8530 JavaThread "Attach Listener"            daemon [_thread_blocked, id=6196, stack(0x000000d94b300000,0x000000d94b400000) (1024K)]
  0x000002d5d0aeea00 JavaThread "Service Thread"             daemon [_thread_blocked, id=10472, stack(0x000000d94b400000,0x000000d94b500000) (1024K)]
  0x000002d5e8891f70 JavaThread "Monitor Deflation Thread"   daemon [_thread_blocked, id=13012, stack(0x000000d94b500000,0x000000d94b600000) (1024K)]
=>0x000002d5d0af2d80 JavaThread "C2 CompilerThread0"         daemon [_thread_in_native, id=16968, stack(0x000000d94b600000,0x000000d94b700000) (1024K)]
  0x000002d5d0afe810 JavaThread "C1 CompilerThread0"         daemon [_thread_blocked, id=19500, stack(0x000000d94b700000,0x000000d94b800000) (1024K)]
  0x000002d5e8a90e00 JavaThread "Common-Cleaner"             daemon [_thread_blocked, id=18032, stack(0x000000d94b900000,0x000000d94ba00000) (1024K)]
  0x000002d5e8bc3b50 JavaThread "Notification Thread"        daemon [_thread_blocked, id=18564, stack(0x000000d94ba00000,0x000000d94bb00000) (1024K)]
  0x000002d5ee6c2120 JavaThread "Active Thread: Equinox Container: a0f66700-211c-4125-b0e7-570947e00886"        [_thread_blocked, id=20360, stack(0x000000d94c100000,0x000000d94c200000) (1024K)]
  0x000002d5ee48b720 JavaThread "Refresh Thread: Equinox Container: a0f66700-211c-4125-b0e7-570947e00886" daemon [_thread_blocked, id=2484, stack(0x000000d94c200000,0x000000d94c300000) (1024K)]
  0x000002d5e88eea80 JavaThread "Framework Event Dispatcher: Equinox Container: a0f66700-211c-4125-b0e7-570947e00886" daemon [_thread_blocked, id=9464, stack(0x000000d94c300000,0x000000d94c400000) (1024K)]
  0x000002d5ee820c40 JavaThread "Start Level: Equinox Container: a0f66700-211c-4125-b0e7-570947e00886" daemon [_thread_blocked, id=960, stack(0x000000d94c400000,0x000000d94c500000) (1024K)]
  0x000002d5e8b8fa50 JavaThread "Bundle File Closer"         daemon [_thread_blocked, id=8548, stack(0x000000d94c800000,0x000000d94c900000) (1024K)]
  0x000002d5eebcb210 JavaThread "SCR Component Actor"        daemon [_thread_blocked, id=872, stack(0x000000d94aa00000,0x000000d94ab00000) (1024K)]
  0x000002d5eed1bfb0 JavaThread "Worker-JM"                         [_thread_blocked, id=14092, stack(0x000000d94c900000,0x000000d94ca00000) (1024K)]
  0x000002d5eed1d360 JavaThread "JNA Cleaner"                daemon [_thread_blocked, id=19012, stack(0x000000d94c500000,0x000000d94c600000) (1024K)]
  0x000002d5eed1eda0 JavaThread "Java indexing"              daemon [_thread_blocked, id=13596, stack(0x000000d94cf00000,0x000000d94d000000) (1024K)]
  0x000002d5ef80a700 JavaThread "Thread-1"                   daemon [_thread_in_native, id=20548, stack(0x000000d94d500000,0x000000d94d600000) (1024K)]
  0x000002d5ef80e210 JavaThread "Thread-2"                   daemon [_thread_in_native, id=18380, stack(0x000000d94d600000,0x000000d94d700000) (1024K)]
  0x000002d5ef80bab0 JavaThread "Thread-3"                   daemon [_thread_in_native, id=13464, stack(0x000000d94d700000,0x000000d94d800000) (1024K)]
  0x000002d5ef80db80 JavaThread "Thread-4"                   daemon [_thread_in_native, id=9856, stack(0x000000d94d800000,0x000000d94d900000) (1024K)]
  0x000002d5ef80ad90 JavaThread "Thread-5"                   daemon [_thread_in_native, id=11092, stack(0x000000d94d900000,0x000000d94da00000) (1024K)]
  0x000002d5ef80e8a0 JavaThread "Thread-6"                   daemon [_thread_in_native, id=21052, stack(0x000000d94da00000,0x000000d94db00000) (1024K)]
  0x000002d5ef80b420 JavaThread "Thread-7"                   daemon [_thread_in_native, id=15420, stack(0x000000d94db00000,0x000000d94dc00000) (1024K)]
  0x000002d5ef80ef30 JavaThread "Thread-8"                   daemon [_thread_in_native, id=13664, stack(0x000000d94dc00000,0x000000d94dd00000) (1024K)]
  0x000002d5ef80f5c0 JavaThread "Thread-9"                   daemon [_thread_in_native, id=15736, stack(0x000000d94dd00000,0x000000d94de00000) (1024K)]
  0x000002d5ef80c7d0 JavaThread "Thread-10"                  daemon [_thread_in_native, id=16372, stack(0x000000d94de00000,0x000000d94df00000) (1024K)]
  0x000002d5ef80fc50 JavaThread "Thread-11"                  daemon [_thread_in_native, id=4872, stack(0x000000d94df00000,0x000000d94e000000) (1024K)]
  0x000002d5ef80d4f0 JavaThread "Thread-12"                  daemon [_thread_in_native, id=13196, stack(0x000000d94e000000,0x000000d94e100000) (1024K)]
  0x000002d5ef8102e0 JavaThread "Thread-13"                  daemon [_thread_in_native, id=9912, stack(0x000000d94e100000,0x000000d94e200000) (1024K)]
  0x000002d5ef80ce60 JavaThread "pool-2-thread-1"                   [_thread_blocked, id=14544, stack(0x000000d94e200000,0x000000d94e300000) (1024K)]
  0x000002d5ef810970 JavaThread "WorkspaceEventsHandler"            [_thread_blocked, id=16412, stack(0x000000d94e300000,0x000000d94e400000) (1024K)]
  0x000002d5ef811000 JavaThread "pool-1-thread-1"                   [_thread_in_Java, id=2632, stack(0x000000d94e400000,0x000000d94e500000) (1024K)]
  0x000002d5f0454890 JavaThread "Cleaner-0"                  daemon [_thread_blocked, id=1776, stack(0x000000d94e600000,0x000000d94e700000) (1024K)]
  0x000002d5f044df90 JavaThread "Worker-17"                         [_thread_blocked, id=10388, stack(0x000000d94ca00000,0x000000d94cb00000) (1024K)]
  0x000002d5f044ecb0 JavaThread "Worker-19"                         [_thread_blocked, id=20064, stack(0x000000d94cc00000,0x000000d94cd00000) (1024K)]
  0x000002d5f044e620 JavaThread "Worker-20"                         [_thread_blocked, id=19008, stack(0x000000d94a900000,0x000000d94aa00000) (1024K)]
  0x000002d5f04506f0 JavaThread "ForkJoinPool.commonPool-worker-28" daemon [_thread_blocked, id=5484, stack(0x000000d94ab00000,0x000000d94ac00000) (1024K)]
  0x000002d5f044f340 JavaThread "ForkJoinPool.commonPool-worker-29" daemon [_thread_blocked, id=5860, stack(0x000000d94cb00000,0x000000d94cc00000) (1024K)]
  0x000002d5f044f9d0 JavaThread "Compiler Source File Reader" daemon [_thread_blocked, id=17004, stack(0x000000d94cd00000,0x000000d94ce00000) (1024K)]
  0x000002d5f0450d80 JavaThread "Compiler Processing Task"   daemon [_thread_blocked, id=17040, stack(0x000000d94ce00000,0x000000d94cf00000) (1024K)]
  0x000002d5f0454f20 JavaThread "ForkJoinPool.commonPool-worker-30" daemon [_thread_blocked, id=19048, stack(0x000000d94d100000,0x000000d94d200000) (1024K)]
  0x000002d5f0451aa0 JavaThread "ForkJoinPool.commonPool-worker-31" daemon [_thread_blocked, id=19516, stack(0x000000d94d200000,0x000000d94d300000) (1024K)]
  0x000002d5f0452130 JavaThread "ForkJoinPool.commonPool-worker-32" daemon [_thread_blocked, id=20224, stack(0x000000d94d300000,0x000000d94d400000) (1024K)]
  0x000002d5f0dd0c40 JavaThread "ForkJoinPool.commonPool-worker-33" daemon [_thread_blocked, id=16900, stack(0x000000d94d400000,0x000000d94d500000) (1024K)]
  0x000002d5f0dce4e0 JavaThread "ForkJoinPool.commonPool-worker-34" daemon [_thread_blocked, id=5336, stack(0x000000d94e500000,0x000000d94e600000) (1024K)]
  0x000002d5f0dd1ff0 JavaThread "ForkJoinPool.commonPool-worker-36" daemon [_thread_blocked, id=10400, stack(0x000000d94e700000,0x000000d94e800000) (1024K)]
  0x000002d5f0dcf890 JavaThread "ForkJoinPool.commonPool-worker-35" daemon [_thread_blocked, id=21800, stack(0x000000d94e800000,0x000000d94e900000) (1024K)]
  0x000002d5f0dceb70 JavaThread "ForkJoinPool.commonPool-worker-37" daemon [_thread_blocked, id=20236, stack(0x000000d94e900000,0x000000d94ea00000) (1024K)]
  0x000002d5f0dd2680 JavaThread "ForkJoinPool.commonPool-worker-38" daemon [_thread_blocked, id=18040, stack(0x000000d94ea00000,0x000000d94eb00000) (1024K)]
  0x000002d5f0dcf200 JavaThread "Compiler Source File Reader" daemon [_thread_blocked, id=22436, stack(0x000000d94d000000,0x000000d94d100000) (1024K)]
Total: 54

Other Threads:
  0x000002d5d0adfb40 VMThread "VM Thread"                           [id=17360, stack(0x000000d94af00000,0x000000d94b000000) (1024K)]
  0x000002d5e73cba00 WatcherThread "VM Periodic Task Thread"        [id=15216, stack(0x000000d94ae00000,0x000000d94af00000) (1024K)]
  0x000002d5d0a5efc0 WorkerThread "GC Thread#0"                     [id=5568, stack(0x000000d94ad00000,0x000000d94ae00000) (1024K)]
  0x000002d5ee3e8890 WorkerThread "GC Thread#1"                     [id=6516, stack(0x000000d94bb00000,0x000000d94bc00000) (1024K)]
  0x000002d5ee156480 WorkerThread "GC Thread#2"                     [id=8684, stack(0x000000d94bc00000,0x000000d94bd00000) (1024K)]
  0x000002d5ee42c9b0 WorkerThread "GC Thread#3"                     [id=5904, stack(0x000000d94bd00000,0x000000d94be00000) (1024K)]
  0x000002d5ee2ff060 WorkerThread "GC Thread#4"                     [id=2672, stack(0x000000d94be00000,0x000000d94bf00000) (1024K)]
  0x000002d5ee6f1a10 WorkerThread "GC Thread#5"                     [id=17404, stack(0x000000d94bf00000,0x000000d94c000000) (1024K)]
  0x000002d5ee6f21b0 WorkerThread "GC Thread#6"                     [id=2784, stack(0x000000d94c000000,0x000000d94c100000) (1024K)]
  0x000002d5ee4a9f80 WorkerThread "GC Thread#7"                     [id=15624, stack(0x000000d94b800000,0x000000d94b900000) (1024K)]
  0x000002d5ee4a9be0 WorkerThread "GC Thread#8"                     [id=20796, stack(0x000000d94c600000,0x000000d94c700000) (1024K)]
  0x000002d5ee4aa320 WorkerThread "GC Thread#9"                     [id=6200, stack(0x000000d94c700000,0x000000d94c800000) (1024K)]
Total: 12

Threads with active compile tasks:
C2 CompilerThread0  14724313 17687       4       org.eclipse.jdt.internal.core.builder.NameEnvironment::findClass (486 bytes)
Total: 1

VM state: not at safepoint (normal execution)

VM Mutex/Monitor currently owned by a thread: None

Heap address: 0x0000000080000000, size: 2048 MB, Compressed Oops mode: 32-bit

CDS archive(s) mapped at: [0x000002d580000000-0x000002d580ba0000-0x000002d580ba0000), size 12189696, SharedBaseAddress: 0x000002d580000000, ArchiveRelocationMode: 1.
Compressed class space mapped at: 0x000002d581000000-0x000002d5c1000000, reserved size: 1073741824
Narrow klass base: 0x000002d580000000, Narrow klass shift: 0, Narrow klass range: 0x100000000

GC Precious Log:
 CardTable entry size: 512
 CPUs: 12 total, 12 available
 Memory: 5989M
 Large Page Support: Disabled
 NUMA Support: Disabled
 Compressed Oops: Enabled (32-bit)
 Alignments: Space 512K, Generation 512K, Heap 2M
 Heap Min Capacity: 100M
 Heap Initial Capacity: 100M
 Heap Max Capacity: 2G
 Pre-touch: Disabled
 Parallel Workers: 10

Heap:
 PSYoungGen      total 8192K, used 5377K [0x00000000d5580000, 0x00000000d6180000, 0x0000000100000000)
  eden space 4096K, 41% used [0x00000000d5580000,0x00000000d5728650,0x00000000d5980000)
  from space 4096K, 89% used [0x00000000d5a80000,0x00000000d5e18020,0x00000000d5e80000)
  to   space 3072K, 0% used [0x00000000d5e80000,0x00000000d5e80000,0x00000000d6180000)
 ParOldGen       total 765440K, used 765227K [0x0000000080000000, 0x00000000aeb80000, 0x00000000d5580000)
  object space 765440K, 99% used [0x0000000080000000,0x00000000aeb4ae78,0x00000000aeb80000)
 Metaspace       used 79081K, committed 80768K, reserved 1179648K
  class space    used 8116K, committed 8896K, reserved 1048576K

Card table byte_map: [0x000002d5d03e0000,0x000002d5d07f0000] _byte_map_base: 0x000002d5cffe0000

Marking Bits: (ParMarkBitMap*) 0x00007ffb4c922460
 Begin Bits: [0x000002d5e2ef0000, 0x000002d5e4ef0000)
 End Bits:   [0x000002d5e4ef0000, 0x000002d5e6ef0000)

Polling page: 0x000002d5ce8e0000

Metaspace:

Usage:
  Non-class:     69.30 MB used.
      Class:      7.93 MB used.
       Both:     77.23 MB used.

Virtual space:
  Non-class space:      128.00 MB reserved,      70.19 MB ( 55%) committed,  2 nodes.
      Class space:        1.00 GB reserved,       8.69 MB ( <1%) committed,  1 nodes.
             Both:        1.12 GB reserved,      78.88 MB (  7%) committed. 

Chunk freelists:
   Non-Class:  9.42 MB
       Class:  7.42 MB
        Both:  16.84 MB

MaxMetaspaceSize: unlimited
CompressedClassSpaceSize: 1.00 GB
Initial GC threshold: 21.00 MB
Current GC threshold: 129.69 MB
CDS: on
 - commit_granule_bytes: 65536.
 - commit_granule_words: 8192.
 - virtual_space_node_default_size: 8388608.
 - enlarge_chunks_in_place: 1.
 - use_allocation_guard: 0.


Internal statistics:

num_allocs_failed_limit: 11.
num_arena_births: 1582.
num_arena_deaths: 398.
num_vsnodes_births: 3.
num_vsnodes_deaths: 0.
num_space_committed: 1262.
num_space_uncommitted: 0.
num_chunks_returned_to_freelist: 468.
num_chunks_taken_from_freelist: 5805.
num_chunk_merges: 122.
num_chunk_splits: 3283.
num_chunks_enlarged: 1719.
num_inconsistent_stats: 0.

CodeHeap 'non-profiled nmethods': size=120000Kb used=16073Kb max_used=16073Kb free=103926Kb
 bounds [0x000002d5db710000, 0x000002d5dc6d0000, 0x000002d5e2c40000]
CodeHeap 'profiled nmethods': size=120000Kb used=37077Kb max_used=37077Kb free=82922Kb
 bounds [0x000002d5d3c40000, 0x000002d5d6080000, 0x000002d5db170000]
CodeHeap 'non-nmethods': size=5760Kb used=1479Kb max_used=1558Kb free=4280Kb
 bounds [0x000002d5db170000, 0x000002d5db3e0000, 0x000002d5db710000]
CodeCache: size=245760Kb, used=54629Kb, max_used=54708Kb, free=191128Kb
 total_blobs=16453, nmethods=15653, adapters=701, full_count=0
Compilation: enabled, stopped_count=0, restarted_count=0

Compilation events (20 events):
Event: 14722.842 Thread 0x000002d5d0afe810 17693   !   3       java.lang.Boolean::getBoolean (16 bytes)
Event: 14722.844 Thread 0x000002d5d0afe810 nmethod 17693 0x000002d5d6072190 code [0x000002d5d6072380, 0x000002d5d60727b8]
Event: 14722.886 Thread 0x000002d5d0afe810 17694   !   3       org.eclipse.lsp4j.jsonrpc.json.StreamMessageProducer::handleMessage (137 bytes)
Event: 14722.913 Thread 0x000002d5d0afe810 nmethod 17694 0x000002d5d6072990 code [0x000002d5d6072d20, 0x000002d5d60743c0]
Event: 14722.913 Thread 0x000002d5d0afe810 17695       3       org.eclipse.lsp4j.jsonrpc.util.LimitedInputStream::<init> (35 bytes)
Event: 14722.913 Thread 0x000002d5d0afe810 nmethod 17695 0x000002d5d6075090 code [0x000002d5d6075260, 0x000002d5d60755a8]
Event: 14722.914 Thread 0x000002d5d0afe810 17696   !   3       org.eclipse.lsp4j.jsonrpc.json.MessageJsonHandler::parseMessage (119 bytes)
Event: 14722.922 Thread 0x000002d5d0afe810 nmethod 17696 0x000002d5d6075710 code [0x000002d5d60759a0, 0x000002d5d6076478]
Event: 14722.922 Thread 0x000002d5d0afe810 17697       3       org.eclipse.lsp4j.jsonrpc.json.adapters.MessageTypeAdapter::read (6 bytes)
Event: 14722.923 Thread 0x000002d5d0afe810 nmethod 17697 0x000002d5d6076a90 code [0x000002d5d6076c40, 0x000002d5d6076d98]
Event: 14722.923 Thread 0x000002d5d0afe810 17698       3       org.eclipse.lsp4j.jsonrpc.json.adapters.MessageTypeAdapter::fromJson (23 bytes)
Event: 14722.924 Thread 0x000002d5d0afe810 nmethod 17698 0x000002d5d6076e90 code [0x000002d5d6077080, 0x000002d5d60774c8]
Event: 14722.924 Thread 0x000002d5d0afe810 17699       3       org.eclipse.lsp4j.jsonrpc.json.adapters.MessageTypeAdapter::isNullOrVoidType (16 bytes)
Event: 14722.924 Thread 0x000002d5d0afe810 nmethod 17699 0x000002d5d6077690 code [0x000002d5d6077840, 0x000002d5d60779d8]
Event: 14723.023 Thread 0x000002d5d0afe810 17700       3       org.eclipse.jdt.ls.core.internal.filesystem.JLSFile::getChild (121 bytes)
Event: 14723.037 Thread 0x000002d5d0afe810 nmethod 17700 0x000002d5d6077a90 code [0x000002d5d6077e80, 0x000002d5d6079568]
Event: 14723.038 Thread 0x000002d5d0afe810 17701       3       java.util.Collections::addAll (43 bytes)
Event: 14723.039 Thread 0x000002d5d0afe810 nmethod 17701 0x000002d5d6079e90 code [0x000002d5d607a040, 0x000002d5d607a2e8]
Event: 14723.083 Thread 0x000002d5d0afe810 17702   !   3       org.eclipse.core.internal.refresh.RefreshJob::collectChildrenToDepth (103 bytes)
Event: 14723.084 Thread 0x000002d5d0afe810 nmethod 17702 0x000002d5d607a410 code [0x000002d5d607a640, 0x000002d5d607af48]

GC Heap History (20 events):
Event: 14715.299 GC heap before
{Heap before GC invocations=987 (full 4):
 PSYoungGen      total 3584K, used 3231K [0x00000000d5580000, 0x00000000d5b80000, 0x0000000100000000)
  eden space 1536K, 99% used [0x00000000d5580000,0x00000000d56ffff8,0x00000000d5700000)
  from space 2048K, 82% used [0x00000000d5700000,0x00000000d58a8000,0x00000000d5900000)
  to   space 2048K, 0% used [0x00000000d5980000,0x00000000d5980000,0x00000000d5b80000)
 ParOldGen       total 740864K, used 740751K [0x0000000080000000, 0x00000000ad380000, 0x00000000d5580000)
  object space 740864K, 99% used [0x0000000080000000,0x00000000ad363d88,0x00000000ad380000)
 Metaspace       used 78995K, committed 80640K, reserved 1179648K
  class space    used 8109K, committed 8896K, reserved 1048576K
}
Event: 14715.303 GC heap after
{Heap after GC invocations=987 (full 4):
 PSYoungGen      total 4096K, used 1696K [0x00000000d5580000, 0x00000000d5b80000, 0x0000000100000000)
  eden space 2048K, 0% used [0x00000000d5580000,0x00000000d5580000,0x00000000d5780000)
  from space 2048K, 82% used [0x00000000d5980000,0x00000000d5b28000,0x00000000d5b80000)
  to   space 2048K, 0% used [0x00000000d5780000,0x00000000d5780000,0x00000000d5980000)
 ParOldGen       total 742400K, used 742311K [0x0000000080000000, 0x00000000ad500000, 0x00000000d5580000)
  object space 742400K, 99% used [0x0000000080000000,0x00000000ad4e9d88,0x00000000ad500000)
 Metaspace       used 78995K, committed 80640K, reserved 1179648K
  class space    used 8109K, committed 8896K, reserved 1048576K
}
Event: 14715.315 GC heap before
{Heap before GC invocations=988 (full 4):
 PSYoungGen      total 4096K, used 3744K [0x00000000d5580000, 0x00000000d5b80000, 0x0000000100000000)
  eden space 2048K, 100% used [0x00000000d5580000,0x00000000d5780000,0x00000000d5780000)
  from space 2048K, 82% used [0x00000000d5980000,0x00000000d5b28000,0x00000000d5b80000)
  to   space 2048K, 0% used [0x00000000d5780000,0x00000000d5780000,0x00000000d5980000)
 ParOldGen       total 742400K, used 742311K [0x0000000080000000, 0x00000000ad500000, 0x00000000d5580000)
  object space 742400K, 99% used [0x0000000080000000,0x00000000ad4e9d88,0x00000000ad500000)
 Metaspace       used 78995K, committed 80640K, reserved 1179648K
  class space    used 8109K, committed 8896K, reserved 1048576K
}
Event: 14716.320 GC heap after
{Heap after GC invocations=988 (full 4):
 PSYoungGen      total 4096K, used 2048K [0x00000000d5580000, 0x00000000d6000000, 0x0000000100000000)
  eden space 2048K, 0% used [0x00000000d5580000,0x00000000d5580000,0x00000000d5780000)
  from space 2048K, 100% used [0x00000000d5780000,0x00000000d5980000,0x00000000d5980000)
  to   space 4096K, 0% used [0x00000000d5c00000,0x00000000d5c00000,0x00000000d6000000)
 ParOldGen       total 743936K, used 743887K [0x0000000080000000, 0x00000000ad680000, 0x00000000d5580000)
  object space 743936K, 99% used [0x0000000080000000,0x00000000ad673d88,0x00000000ad680000)
 Metaspace       used 78995K, committed 80640K, reserved 1179648K
  class space    used 8109K, committed 8896K, reserved 1048576K
}
Event: 14716.329 GC heap before
{Heap before GC invocations=989 (full 4):
 PSYoungGen      total 4096K, used 4096K [0x00000000d5580000, 0x00000000d6000000, 0x0000000100000000)
  eden space 2048K, 100% used [0x00000000d5580000,0x00000000d5780000,0x00000000d5780000)
  from space 2048K, 100% used [0x00000000d5780000,0x00000000d5980000,0x00000000d5980000)
  to   space 4096K, 0% used [0x00000000d5c00000,0x00000000d5c00000,0x00000000d6000000)
 ParOldGen       total 743936K, used 743887K [0x0000000080000000, 0x00000000ad680000, 0x00000000d5580000)
  object space 743936K, 99% used [0x0000000080000000,0x00000000ad673d88,0x00000000ad680000)
 Metaspace       used 78995K, committed 80640K, reserved 1179648K
  class space    used 8109K, committed 8896K, reserved 1048576K
}
Event: 14716.336 GC heap after
{Heap after GC invocations=989 (full 4):
 PSYoungGen      total 5120K, used 2176K [0x00000000d5580000, 0x00000000d5e80000, 0x0000000100000000)
  eden space 2560K, 0% used [0x00000000d5580000,0x00000000d5580000,0x00000000d5800000)
  from space 2560K, 85% used [0x00000000d5c00000,0x00000000d5e20000,0x00000000d5e80000)
  to   space 3072K, 0% used [0x00000000d5880000,0x00000000d5880000,0x00000000d5b80000)
 ParOldGen       total 745984K, used 745927K [0x0000000080000000, 0x00000000ad880000, 0x00000000d5580000)
  object space 745984K, 99% used [0x0000000080000000,0x00000000ad871d88,0x00000000ad880000)
 Metaspace       used 78995K, committed 80640K, reserved 1179648K
  class space    used 8109K, committed 8896K, reserved 1048576K
}
Event: 14716.362 GC heap before
{Heap before GC invocations=990 (full 4):
 PSYoungGen      total 5120K, used 4736K [0x00000000d5580000, 0x00000000d5e80000, 0x0000000100000000)
  eden space 2560K, 100% used [0x00000000d5580000,0x00000000d5800000,0x00000000d5800000)
  from space 2560K, 85% used [0x00000000d5c00000,0x00000000d5e20000,0x00000000d5e80000)
  to   space 3072K, 0% used [0x00000000d5880000,0x00000000d5880000,0x00000000d5b80000)
 ParOldGen       total 745984K, used 745927K [0x0000000080000000, 0x00000000ad880000, 0x00000000d5580000)
  object space 745984K, 99% used [0x0000000080000000,0x00000000ad871d88,0x00000000ad880000)
 Metaspace       used 79000K, committed 80640K, reserved 1179648K
  class space    used 8109K, committed 8896K, reserved 1048576K
}
Event: 14716.370 GC heap after
{Heap after GC invocations=990 (full 4):
 PSYoungGen      total 5632K, used 2456K [0x00000000d5580000, 0x00000000d5d80000, 0x0000000100000000)
  eden space 3072K, 0% used [0x00000000d5580000,0x00000000d5580000,0x00000000d5880000)
  from space 2560K, 95% used [0x00000000d5880000,0x00000000d5ae6000,0x00000000d5b00000)
  to   space 2560K, 0% used [0x00000000d5b00000,0x00000000d5b00000,0x00000000d5d80000)
 ParOldGen       total 748032K, used 747951K [0x0000000080000000, 0x00000000ada80000, 0x00000000d5580000)
  object space 748032K, 99% used [0x0000000080000000,0x00000000ada6bd98,0x00000000ada80000)
 Metaspace       used 79000K, committed 80640K, reserved 1179648K
  class space    used 8109K, committed 8896K, reserved 1048576K
}
Event: 14716.421 GC heap before
{Heap before GC invocations=991 (full 4):
 PSYoungGen      total 5632K, used 5528K [0x00000000d5580000, 0x00000000d5d80000, 0x0000000100000000)
  eden space 3072K, 100% used [0x00000000d5580000,0x00000000d5880000,0x00000000d5880000)
  from space 2560K, 95% used [0x00000000d5880000,0x00000000d5ae6000,0x00000000d5b00000)
  to   space 2560K, 0% used [0x00000000d5b00000,0x00000000d5b00000,0x00000000d5d80000)
 ParOldGen       total 748032K, used 747951K [0x0000000080000000, 0x00000000ada80000, 0x00000000d5580000)
  object space 748032K, 99% used [0x0000000080000000,0x00000000ada6bd98,0x00000000ada80000)
 Metaspace       used 79023K, committed 80704K, reserved 1179648K
  class space    used 8111K, committed 8896K, reserved 1048576K
}
Event: 14716.429 GC heap after
{Heap after GC invocations=991 (full 4):
 PSYoungGen      total 5632K, used 2356K [0x00000000d5580000, 0x00000000d5e80000, 0x0000000100000000)
  eden space 3072K, 0% used [0x00000000d5580000,0x00000000d5580000,0x00000000d5880000)
  from space 2560K, 92% used [0x00000000d5b00000,0x00000000d5d4d2e0,0x00000000d5d80000)
  to   space 2560K, 0% used [0x00000000d5880000,0x00000000d5880000,0x00000000d5b00000)
 ParOldGen       total 750592K, used 750343K [0x0000000080000000, 0x00000000add00000, 0x00000000d5580000)
  object space 750592K, 99% used [0x0000000080000000,0x00000000adcc1d98,0x00000000add00000)
 Metaspace       used 79023K, committed 80704K, reserved 1179648K
  class space    used 8111K, committed 8896K, reserved 1048576K
}
Event: 14716.442 GC heap before
{Heap before GC invocations=992 (full 4):
 PSYoungGen      total 5632K, used 4397K [0x00000000d5580000, 0x00000000d5e80000, 0x0000000100000000)
  eden space 3072K, 66% used [0x00000000d5580000,0x00000000d577e410,0x00000000d5880000)
  from space 2560K, 92% used [0x00000000d5b00000,0x00000000d5d4d2e0,0x00000000d5d80000)
  to   space 2560K, 0% used [0x00000000d5880000,0x00000000d5880000,0x00000000d5b00000)
 ParOldGen       total 750592K, used 750343K [0x0000000080000000, 0x00000000add00000, 0x00000000d5580000)
  object space 750592K, 99% used [0x0000000080000000,0x00000000adcc1d98,0x00000000add00000)
 Metaspace       used 79029K, committed 80704K, reserved 1179648K
  class space    used 8112K, committed 8896K, reserved 1048576K
}
Event: 14716.449 GC heap after
{Heap after GC invocations=992 (full 4):
 PSYoungGen      total 5632K, used 1976K [0x00000000d5580000, 0x00000000d5e80000, 0x0000000100000000)
  eden space 3072K, 0% used [0x00000000d5580000,0x00000000d5580000,0x00000000d5880000)
  from space 2560K, 77% used [0x00000000d5880000,0x00000000d5a6e000,0x00000000d5b00000)
  to   space 2560K, 0% used [0x00000000d5c00000,0x00000000d5c00000,0x00000000d5e80000)
 ParOldGen       total 752640K, used 752551K [0x0000000080000000, 0x00000000adf00000, 0x00000000d5580000)
  object space 752640K, 99% used [0x0000000080000000,0x00000000adee9da8,0x00000000adf00000)
 Metaspace       used 79029K, committed 80704K, reserved 1179648K
  class space    used 8112K, committed 8896K, reserved 1048576K
}
Event: 14719.208 GC heap before
{Heap before GC invocations=993 (full 4):
 PSYoungGen      total 5632K, used 5048K [0x00000000d5580000, 0x00000000d5e80000, 0x0000000100000000)
  eden space 3072K, 100% used [0x00000000d5580000,0x00000000d5880000,0x00000000d5880000)
  from space 2560K, 77% used [0x00000000d5880000,0x00000000d5a6e000,0x00000000d5b00000)
  to   space 2560K, 0% used [0x00000000d5c00000,0x00000000d5c00000,0x00000000d5e80000)
 ParOldGen       total 752640K, used 752551K [0x0000000080000000, 0x00000000adf00000, 0x00000000d5580000)
  object space 752640K, 99% used [0x0000000080000000,0x00000000adee9da8,0x00000000adf00000)
 Metaspace       used 79050K, committed 80704K, reserved 1179648K
  class space    used 8113K, committed 8896K, reserved 1048576K
}
Event: 14719.788 GC heap after
{Heap after GC invocations=993 (full 4):
 PSYoungGen      total 6656K, used 2040K [0x00000000d5580000, 0x00000000d5e80000, 0x0000000100000000)
  eden space 4096K, 0% used [0x00000000d5580000,0x00000000d5580000,0x00000000d5980000)
  from space 2560K, 79% used [0x00000000d5c00000,0x00000000d5dfe000,0x00000000d5e80000)
  to   space 2560K, 0% used [0x00000000d5980000,0x00000000d5980000,0x00000000d5c00000)
 ParOldGen       total 756736K, used 755551K [0x0000000080000000, 0x00000000ae300000, 0x00000000d5580000)
  object space 756736K, 99% used [0x0000000080000000,0x00000000ae1d7da8,0x00000000ae300000)
 Metaspace       used 79050K, committed 80704K, reserved 1179648K
  class space    used 8113K, committed 8896K, reserved 1048576K
}
Event: 14721.260 GC heap before
{Heap before GC invocations=994 (full 4):
 PSYoungGen      total 6656K, used 6136K [0x00000000d5580000, 0x00000000d5e80000, 0x0000000100000000)
  eden space 4096K, 100% used [0x00000000d5580000,0x00000000d5980000,0x00000000d5980000)
  from space 2560K, 79% used [0x00000000d5c00000,0x00000000d5dfe000,0x00000000d5e80000)
  to   space 2560K, 0% used [0x00000000d5980000,0x00000000d5980000,0x00000000d5c00000)
 ParOldGen       total 756736K, used 755551K [0x0000000080000000, 0x00000000ae300000, 0x00000000d5580000)
  object space 756736K, 99% used [0x0000000080000000,0x00000000ae1d7da8,0x00000000ae300000)
 Metaspace       used 79062K, committed 80704K, reserved 1179648K
  class space    used 8113K, committed 8896K, reserved 1048576K
}
Event: 14722.274 GC heap after
{Heap after GC invocations=994 (full 4):
 PSYoungGen      total 6656K, used 2556K [0x00000000d5580000, 0x00000000d6680000, 0x0000000100000000)
  eden space 4096K, 0% used [0x00000000d5580000,0x00000000d5580000,0x00000000d5980000)
  from space 2560K, 99% used [0x00000000d5980000,0x00000000d5bff0c0,0x00000000d5c00000)
  to   space 6656K, 0% used [0x00000000d6000000,0x00000000d6000000,0x00000000d6680000)
 ParOldGen       total 758784K, used 758543K [0x0000000080000000, 0x00000000ae500000, 0x00000000d5580000)
  object space 758784K, 99% used [0x0000000080000000,0x00000000ae4c3da8,0x00000000ae500000)
 Metaspace       used 79062K, committed 80704K, reserved 1179648K
  class space    used 8113K, committed 8896K, reserved 1048576K
}
Event: 14722.291 GC heap before
{Heap before GC invocations=995 (full 4):
 PSYoungGen      total 6656K, used 6652K [0x00000000d5580000, 0x00000000d6680000, 0x0000000100000000)
  eden space 4096K, 100% used [0x00000000d5580000,0x00000000d5980000,0x00000000d5980000)
  from space 2560K, 99% used [0x00000000d5980000,0x00000000d5bff0c0,0x00000000d5c00000)
  to   space 6656K, 0% used [0x00000000d6000000,0x00000000d6000000,0x00000000d6680000)
 ParOldGen       total 758784K, used 758543K [0x0000000080000000, 0x00000000ae500000, 0x00000000d5580000)
  object space 758784K, 99% used [0x0000000080000000,0x00000000ae4c3da8,0x00000000ae500000)
 Metaspace       used 79062K, committed 80704K, reserved 1179648K
  class space    used 8113K, committed 8896K, reserved 1048576K
}
Event: 14722.301 GC heap after
{Heap after GC invocations=995 (full 4):
 PSYoungGen      total 8704K, used 4160K [0x00000000d5580000, 0x00000000d6480000, 0x0000000100000000)
  eden space 4096K, 0% used [0x00000000d5580000,0x00000000d5580000,0x00000000d5980000)
  from space 4608K, 90% used [0x00000000d6000000,0x00000000d6410000,0x00000000d6480000)
  to   space 5120K, 0% used [0x00000000d5a80000,0x00000000d5a80000,0x00000000d5f80000)
 ParOldGen       total 761344K, used 761123K [0x0000000080000000, 0x00000000ae780000, 0x00000000d5580000)
  object space 761344K, 99% used [0x0000000080000000,0x00000000ae748e78,0x00000000ae780000)
 Metaspace       used 79062K, committed 80704K, reserved 1179648K
  class space    used 8113K, committed 8896K, reserved 1048576K
}
Event: 14722.341 GC heap before
{Heap before GC invocations=996 (full 4):
 PSYoungGen      total 8704K, used 8256K [0x00000000d5580000, 0x00000000d6480000, 0x0000000100000000)
  eden space 4096K, 100% used [0x00000000d5580000,0x00000000d5980000,0x00000000d5980000)
  from space 4608K, 90% used [0x00000000d6000000,0x00000000d6410000,0x00000000d6480000)
  to   space 5120K, 0% used [0x00000000d5a80000,0x00000000d5a80000,0x00000000d5f80000)
 ParOldGen       total 761344K, used 761123K [0x0000000080000000, 0x00000000ae780000, 0x00000000d5580000)
  object space 761344K, 99% used [0x0000000080000000,0x00000000ae748e78,0x00000000ae780000)
 Metaspace       used 79062K, committed 80704K, reserved 1179648K
  class space    used 8113K, committed 8896K, reserved 1048576K
}
Event: 14722.353 GC heap after
{Heap after GC invocations=996 (full 4):
 PSYoungGen      total 8192K, used 3680K [0x00000000d5580000, 0x00000000d6180000, 0x0000000100000000)
  eden space 4096K, 0% used [0x00000000d5580000,0x00000000d5580000,0x00000000d5980000)
  from space 4096K, 89% used [0x00000000d5a80000,0x00000000d5e18020,0x00000000d5e80000)
  to   space 3072K, 0% used [0x00000000d5e80000,0x00000000d5e80000,0x00000000d6180000)
 ParOldGen       total 765440K, used 765227K [0x0000000080000000, 0x00000000aeb80000, 0x00000000d5580000)
  object space 765440K, 99% used [0x0000000080000000,0x00000000aeb4ae78,0x00000000aeb80000)
 Metaspace       used 79062K, committed 80704K, reserved 1179648K
  class space    used 8113K, committed 8896K, reserved 1048576K
}

Dll operation events (10 events):
Event: 0.018 Loaded shared library c:\Users\osiel\.vscode\extensions\redhat.java-1.52.0-win32-x64\jre\21.0.9-win32-x86_64\bin\java.dll
Event: 0.163 Loaded shared library c:\Users\osiel\.vscode\extensions\redhat.java-1.52.0-win32-x64\jre\21.0.9-win32-x86_64\bin\zip.dll
Event: 0.201 Loaded shared library C:\Users\osiel\.vscode\extensions\redhat.java-1.52.0-win32-x64\jre\21.0.9-win32-x86_64\bin\instrument.dll
Event: 0.210 Loaded shared library C:\Users\osiel\.vscode\extensions\redhat.java-1.52.0-win32-x64\jre\21.0.9-win32-x86_64\bin\net.dll
Event: 0.214 Loaded shared library C:\Users\osiel\.vscode\extensions\redhat.java-1.52.0-win32-x64\jre\21.0.9-win32-x86_64\bin\nio.dll
Event: 0.221 Loaded shared library C:\Users\osiel\.vscode\extensions\redhat.java-1.52.0-win32-x64\jre\21.0.9-win32-x86_64\bin\zip.dll
Event: 0.260 Loaded shared library C:\Users\osiel\.vscode\extensions\redhat.java-1.52.0-win32-x64\jre\21.0.9-win32-x86_64\bin\jimage.dll
Event: 0.451 Loaded shared library c:\Users\osiel\.vscode\extensions\redhat.java-1.52.0-win32-x64\jre\21.0.9-win32-x86_64\bin\verify.dll
Event: 13.344 Loaded shared library C:\Users\osiel\AppData\Roaming\Code\User\globalStorage\redhat.java\1.52.0\config_win\org.eclipse.equinox.launcher\org.eclipse.equinox.launcher.win32.win32.x86_64_1.2.1500.v20260121-1430\eclipse_11919.dll
Event: 46.737 Loaded shared library C:\Users\osiel\AppData\Local\Temp\jna-76488268\jna9110447594781730495.dll

Deoptimization events (20 events):
Event: 14716.359 Thread 0x000002d5ef811000 Uncommon trap: trap_request=0xfffffff4 fr.pc=0x000002d5dbed06cc relative=0x0000000000004a6c
Event: 14716.359 Thread 0x000002d5ef811000 Uncommon trap: reason=null_check action=make_not_entrant pc=0x000002d5dbed06cc method=java.lang.invoke.LambdaFormEditor.getInCache(Ljava/lang/invoke/LambdaFormEditor$TransformKey;)Ljava/lang/invoke/LambdaForm; @ 157 c2
Event: 14716.361 Thread 0x000002d5ef811000 DEOPT PACKING pc=0x000002d5dbed06cc sp=0x000000d94e4fe630
Event: 14716.362 Thread 0x000002d5ef811000 DEOPT UNPACKING pc=0x000002d5db1c3aa2 sp=0x000000d94e4fe4d0 mode 2
Event: 14716.452 Thread 0x000002d5f0dcf200 Uncommon trap: trap_request=0xffffffde fr.pc=0x000002d5dc54eee4 relative=0x00000000000002c4
Event: 14716.452 Thread 0x000002d5f0dcf200 Uncommon trap: reason=class_check action=maybe_recompile pc=0x000002d5dc54eee4 method=java.nio.channels.spi.AbstractInterruptibleChannel.close()V @ 23 c2
Event: 14716.452 Thread 0x000002d5f0dcf200 DEOPT PACKING pc=0x000002d5dc54eee4 sp=0x000000d94d0fece0
Event: 14716.452 Thread 0x000002d5f0dcf200 DEOPT UNPACKING pc=0x000002d5db1c3aa2 sp=0x000000d94d0fec88 mode 2
Event: 14721.158 Thread 0x000002d5f044ecb0 Uncommon trap: trap_request=0xffffff45 fr.pc=0x000002d5dc56f9a0 relative=0x0000000000000ca0
Event: 14721.158 Thread 0x000002d5f044ecb0 Uncommon trap: reason=unstable_if action=reinterpret pc=0x000002d5dc56f9a0 method=org.eclipse.jdt.internal.compiler.util.SoftClassCache$ClassBytes.getBytes()[B @ 4 c2
Event: 14721.158 Thread 0x000002d5f044ecb0 DEOPT PACKING pc=0x000002d5dc56f9a0 sp=0x000000d94ccfd740
Event: 14721.160 Thread 0x000002d5f044ecb0 DEOPT UNPACKING pc=0x000002d5db1c3aa2 sp=0x000000d94ccfd748 mode 2
Event: 14723.079 Thread 0x000002d5f044ecb0 Uncommon trap: trap_request=0xffffff45 fr.pc=0x000002d5dc12c5e0 relative=0x0000000000000a00
Event: 14723.079 Thread 0x000002d5f044ecb0 Uncommon trap: reason=unstable_if action=reinterpret pc=0x000002d5dc12c5e0 method=org.eclipse.core.internal.localstore.UnifiedTreeNode.existsInFileSystem()Z @ 16 c2
Event: 14723.079 Thread 0x000002d5f044ecb0 DEOPT PACKING pc=0x000002d5dc12c5e0 sp=0x000000d94ccfebd0
Event: 14723.079 Thread 0x000002d5f044ecb0 DEOPT UNPACKING pc=0x000002d5db1c3aa2 sp=0x000000d94ccfeae8 mode 2
Event: 14723.079 Thread 0x000002d5f044ecb0 Uncommon trap: trap_request=0xffffff45 fr.pc=0x000002d5dc404ac0 relative=0x00000000000000a0
Event: 14723.079 Thread 0x000002d5f044ecb0 Uncommon trap: reason=unstable_if action=reinterpret pc=0x000002d5dc404ac0 method=org.eclipse.core.internal.localstore.UnifiedTreeNode.existsInFileSystem()Z @ 16 c2
Event: 14723.079 Thread 0x000002d5f044ecb0 DEOPT PACKING pc=0x000002d5dc404ac0 sp=0x000000d94ccfeb50
Event: 14723.079 Thread 0x000002d5f044ecb0 DEOPT UNPACKING pc=0x000002d5db1c3aa2 sp=0x000000d94ccfeae0 mode 2

Classes loaded (20 events):
Event: 4898.336 Loading class jdk/internal/module/IllegalAccessLogger
Event: 4898.336 Loading class jdk/internal/module/IllegalAccessLogger done
Event: 4967.465 Loading class jdk/internal/module/IllegalAccessLogger
Event: 4967.465 Loading class jdk/internal/module/IllegalAccessLogger done
Event: 5101.682 Loading class jdk/internal/module/IllegalAccessLogger
Event: 5101.683 Loading class jdk/internal/module/IllegalAccessLogger done
Event: 5136.520 Loading class jdk/internal/module/IllegalAccessLogger
Event: 5136.520 Loading class jdk/internal/module/IllegalAccessLogger done
Event: 5783.676 Loading class jdk/internal/module/IllegalAccessLogger
Event: 5783.677 Loading class jdk/internal/module/IllegalAccessLogger done
Event: 6899.052 Loading class jdk/internal/module/IllegalAccessLogger
Event: 6899.052 Loading class jdk/internal/module/IllegalAccessLogger done
Event: 14675.942 Loading class java/util/stream/Nodes$ToArrayTask$OfRef
Event: 14675.956 Loading class java/util/stream/Nodes$ToArrayTask
Event: 14675.964 Loading class java/util/stream/Nodes$ToArrayTask done
Event: 14675.964 Loading class java/util/stream/Nodes$ToArrayTask$OfRef done
Event: 14695.878 Loading class java/util/concurrent/ConcurrentHashMap$TreeNode
Event: 14695.881 Loading class java/util/concurrent/ConcurrentHashMap$TreeNode done
Event: 14695.881 Loading class java/util/concurrent/ConcurrentHashMap$TreeBin
Event: 14695.888 Loading class java/util/concurrent/ConcurrentHashMap$TreeBin done

Classes unloaded (20 events):
Event: 5133.317 Thread 0x000002d5d0adfb40 Unloading class 0x000002d581014800 'java/lang/invoke/LambdaForm$MH+0x000002d581014800'
Event: 5133.317 Thread 0x000002d5d0adfb40 Unloading class 0x000002d58100d800 'java/lang/invoke/LambdaForm$MH+0x000002d58100d800'
Event: 5133.318 Thread 0x000002d5d0adfb40 Unloading class 0x000002d58100d400 'java/lang/invoke/LambdaForm$MH+0x000002d58100d400'
Event: 5133.318 Thread 0x000002d5d0adfb40 Unloading class 0x000002d58100d000 'java/lang/invoke/LambdaForm$MH+0x000002d58100d000'
Event: 5133.318 Thread 0x000002d5d0adfb40 Unloading class 0x000002d58100cc00 'java/lang/invoke/LambdaForm$MH+0x000002d58100cc00'
Event: 5133.318 Thread 0x000002d5d0adfb40 Unloading class 0x000002d58100c800 'java/lang/invoke/LambdaForm$BMH+0x000002d58100c800'
Event: 5133.318 Thread 0x000002d5d0adfb40 Unloading class 0x000002d58100c000 'java/lang/invoke/LambdaForm$DMH+0x000002d58100c000'
Event: 5133.318 Thread 0x000002d5d0adfb40 Unloading class 0x000002d581008c00 'java/lang/invoke/LambdaForm$MH+0x000002d581008c00'
Event: 5133.318 Thread 0x000002d5d0adfb40 Unloading class 0x000002d581008800 'java/lang/invoke/LambdaForm$MH+0x000002d581008800'
Event: 5133.319 Thread 0x000002d5d0adfb40 Unloading class 0x000002d581008400 'java/lang/invoke/LambdaForm$MH+0x000002d581008400'
Event: 5133.319 Thread 0x000002d5d0adfb40 Unloading class 0x000002d581007000 'java/lang/invoke/LambdaForm$MH+0x000002d581007000'
Event: 5133.319 Thread 0x000002d5d0adfb40 Unloading class 0x000002d581006800 'java/lang/invoke/LambdaForm$MH+0x000002d581006800'
Event: 5133.320 Thread 0x000002d5d0adfb40 Unloading class 0x000002d581006400 'java/lang/invoke/LambdaForm$MH+0x000002d581006400'
Event: 5133.320 Thread 0x000002d5d0adfb40 Unloading class 0x000002d581006000 'java/lang/invoke/LambdaForm$MH+0x000002d581006000'
Event: 5133.320 Thread 0x000002d5d0adfb40 Unloading class 0x000002d581005c00 'java/lang/invoke/LambdaForm$BMH+0x000002d581005c00'
Event: 5133.320 Thread 0x000002d5d0adfb40 Unloading class 0x000002d581004800 'java/lang/invoke/LambdaForm$DMH+0x000002d581004800'
Event: 5133.320 Thread 0x000002d5d0adfb40 Unloading class 0x000002d581002400 'java/lang/invoke/LambdaForm$MH+0x000002d581002400'
Event: 5133.320 Thread 0x000002d5d0adfb40 Unloading class 0x000002d581002000 'java/lang/invoke/LambdaForm$MH+0x000002d581002000'
Event: 5133.320 Thread 0x000002d5d0adfb40 Unloading class 0x000002d581001800 'java/lang/invoke/LambdaForm$MH+0x000002d581001800'
Event: 5133.320 Thread 0x000002d5d0adfb40 Unloading class 0x000002d581000400 'java/lang/invoke/LambdaForm$MH+0x000002d581000400'

Classes redefined (0 events):
No events

Internal exceptions (20 events):
Event: 14676.085 Thread 0x000002d5f044df90 Implicit null exception at 0x000002d5db82329e to 0x000002d5db82384c
Event: 14676.091 Thread 0x000002d5f044df90 Implicit null exception at 0x000002d5db9e258e to 0x000002d5db9e2635
Event: 14676.115 Thread 0x000002d5eed1eda0 Exception <a 'sun/nio/fs/WindowsException'{0x00000000d55e5b60}> (0x00000000d55e5b60) 
thrown [s\src\hotspot\share\prims\jni.cpp, line 520]
Event: 14676.226 Thread 0x000002d5f044df90 Exception <a 'sun/nio/fs/WindowsException'{0x00000000d5674248}> (0x00000000d5674248) 
thrown [s\src\hotspot\share\prims\jni.cpp, line 520]
Event: 14676.227 Thread 0x000002d5f044df90 Exception <a 'sun/nio/fs/WindowsException'{0x00000000d5674948}> (0x00000000d5674948) 
thrown [s\src\hotspot\share\prims\jni.cpp, line 520]
Event: 14681.155 Thread 0x000002d5eed1eda0 Implicit null exception at 0x000002d5dc5aa0d7 to 0x000002d5dc5b1afc
Event: 14682.892 Thread 0x000002d5eed1eda0 Implicit null exception at 0x000002d5dbb7b070 to 0x000002d5dbb7c304
Event: 14682.892 Thread 0x000002d5eed1eda0 Implicit null exception at 0x000002d5db90fd66 to 0x000002d5db910214
Event: 14682.917 Thread 0x000002d5eed1eda0 Implicit null exception at 0x000002d5db803631 to 0x000002d5db803938
Event: 14693.200 Thread 0x000002d5eed1eda0 Exception <a 'sun/nio/fs/WindowsException'{0x00000000d56d5f18}> (0x00000000d56d5f18) 
thrown [s\src\hotspot\share\prims\jni.cpp, line 520]
Event: 14693.747 Thread 0x000002d5f04506f0 Implicit null exception at 0x000002d5dbf95298 to 0x000002d5dbf966f8
Event: 14693.751 Thread 0x000002d5f04506f0 Implicit null exception at 0x000002d5dbf93735 to 0x000002d5dbf939ac
Event: 14693.793 Thread 0x000002d5ef811000 Exception <a 'java/lang/NoSuchMethodError'{0x00000000d55f60d8}: 'void java.lang.invoke.DelegatingMethodHandle$Holder.reinvoke_L(java.lang.Object, java.lang.Object, int)'> (0x00000000d55f60d8) 
thrown [s\src\hotspot\share\interpreter\linkResolver.cpp, line 773]
Event: 14693.793 Thread 0x000002d5f04506f0 Exception <a 'java/lang/NoSuchMethodError'{0x00000000d55f2498}: 'void java.lang.invoke.DelegatingMethodHandle$Holder.reinvoke_L(java.lang.Object, java.lang.Object, int)'> (0x00000000d55f2498) 
thrown [s\src\hotspot\share\interpreter\linkResolver.cpp, line 773]
Event: 14694.558 Thread 0x000002d5f044f340 Implicit null exception at 0x000002d5dc42c4a5 to 0x000002d5dc42ee54
Event: 14694.811 Thread 0x000002d5f04506f0 Exception <a 'java/lang/NoSuchMethodError'{0x00000000d5735978}: 'java.lang.Object java.lang.invoke.DirectMethodHandle$Holder.newInvokeSpecial(java.lang.Object, int, java.lang.Object, java.lang.Object, java.lang.Object)'> (0x00000000d5735978) 
thrown [s\src\hotspot\share\interpreter\linkResolver.cpp, line 773]
Event: 14716.359 Thread 0x000002d5ef811000 Exception <a 'java/lang/IncompatibleClassChangeError'{0x00000000d57d3958}: Found class java.lang.Object, but interface was expected> (0x00000000d57d3958) 
thrown [s\src\hotspot\share\interpreter\linkResolver.cpp, line 840]
Event: 14716.359 Thread 0x000002d5ef811000 Implicit null exception at 0x000002d5dbeccac1 to 0x000002d5dbed069c
Event: 14722.832 Thread 0x000002d5eed1eda0 Exception <a 'sun/nio/fs/WindowsException'{0x00000000d560a188}> (0x00000000d560a188) 
thrown [s\src\hotspot\share\prims\jni.cpp, line 520]
Event: 14722.842 Thread 0x000002d5eed1eda0 Exception <a 'sun/nio/fs/WindowsException'{0x00000000d560bd68}> (0x00000000d560bd68) 
thrown [s\src\hotspot\share\prims\jni.cpp, line 520]

ZGC Phase Switch (0 events):
No events

VM Operations (20 events):
Event: 14715.315 Executing VM operation: ParallelGCFailedAllocation (Allocation Failure)
Event: 14716.320 Executing VM operation: ParallelGCFailedAllocation (Allocation Failure) done
Event: 14716.329 Executing VM operation: ParallelGCFailedAllocation (Allocation Failure)
Event: 14716.336 Executing VM operation: ParallelGCFailedAllocation (Allocation Failure) done
Event: 14716.362 Executing VM operation: ParallelGCFailedAllocation (Allocation Failure)
Event: 14716.370 Executing VM operation: ParallelGCFailedAllocation (Allocation Failure) done
Event: 14716.404 Executing VM operation: ParallelGCFailedAllocation (Allocation Failure)
Event: 14716.429 Executing VM operation: ParallelGCFailedAllocation (Allocation Failure) done
Event: 14716.439 Executing VM operation: ParallelGCFailedAllocation (Allocation Failure)
Event: 14716.449 Executing VM operation: ParallelGCFailedAllocation (Allocation Failure) done
Event: 14716.477 Executing VM operation: ParallelGCFailedAllocation (Allocation Failure)
Event: 14719.788 Executing VM operation: ParallelGCFailedAllocation (Allocation Failure) done
Event: 14721.251 Executing VM operation: ParallelGCFailedAllocation (Allocation Failure)
Event: 14722.274 Executing VM operation: ParallelGCFailedAllocation (Allocation Failure) done
Event: 14722.291 Executing VM operation: ParallelGCFailedAllocation (Allocation Failure)
Event: 14722.301 Executing VM operation: ParallelGCFailedAllocation (Allocation Failure) done
Event: 14722.341 Executing VM operation: ParallelGCFailedAllocation (Allocation Failure)
Event: 14722.353 Executing VM operation: ParallelGCFailedAllocation (Allocation Failure) done
Event: 14723.354 Executing VM operation: Cleanup
Event: 14723.355 Executing VM operation: Cleanup done

Memory protections (0 events):
No events

Nmethod flushes (20 events):
Event: 5135.351 Thread 0x000002d5d0adfb40 flushing  nmethod 0x000002d5d4c18310
Event: 5135.351 Thread 0x000002d5d0adfb40 flushing  nmethod 0x000002d5d4c24a10
Event: 5135.351 Thread 0x000002d5d0adfb40 flushing  nmethod 0x000002d5d4c24d90
Event: 5135.351 Thread 0x000002d5d0adfb40 flushing  nmethod 0x000002d5d4c3dd90
Event: 5135.351 Thread 0x000002d5d0adfb40 flushing  nmethod 0x000002d5d4c41710
Event: 5135.351 Thread 0x000002d5d0adfb40 flushing  nmethod 0x000002d5d4c76590
Event: 5135.351 Thread 0x000002d5d0adfb40 flushing  nmethod 0x000002d5d4c83710
Event: 5135.351 Thread 0x000002d5d0adfb40 flushing  nmethod 0x000002d5d4c95a10
Event: 5135.352 Thread 0x000002d5d0adfb40 flushing  nmethod 0x000002d5d4cccd10
Event: 5135.352 Thread 0x000002d5d0adfb40 flushing  nmethod 0x000002d5d4d12490
Event: 5135.352 Thread 0x000002d5d0adfb40 flushing  nmethod 0x000002d5d4d33290
Event: 5135.352 Thread 0x000002d5d0adfb40 flushing  nmethod 0x000002d5d4d47f10
Event: 5135.352 Thread 0x000002d5d0adfb40 flushing  nmethod 0x000002d5d4d59410
Event: 5135.352 Thread 0x000002d5d0adfb40 flushing  nmethod 0x000002d5d4d9b810
Event: 5135.352 Thread 0x000002d5d0adfb40 flushing  nmethod 0x000002d5d4d9db90
Event: 5135.352 Thread 0x000002d5d0adfb40 flushing  nmethod 0x000002d5d4d9df90
Event: 5135.352 Thread 0x000002d5d0adfb40 flushing  nmethod 0x000002d5d4da2d10
Event: 5135.352 Thread 0x000002d5d0adfb40 flushing  nmethod 0x000002d5d4da9210
Event: 5135.352 Thread 0x000002d5d0adfb40 flushing  nmethod 0x000002d5d5678990
Event: 5135.352 Thread 0x000002d5d0adfb40 flushing  nmethod 0x000002d5d588cf90

Events (20 events):
Event: 14682.006 Thread 0x000002d5f0a4ad80 Thread exited: 0x000002d5f0a4ad80
Event: 14682.644 Thread 0x000002d5f678ef60 Thread exited: 0x000002d5f678ef60
Event: 14683.302 Thread 0x000002d5d0afe810 Thread added: 0x000002d5f609cc30
Event: 14683.604 Thread 0x000002d5f609cc30 Thread exited: 0x000002d5f609cc30
Event: 14685.076 Thread 0x000002d5d0af2d80 Thread added: 0x000002d5f0a4cf90
Event: 14686.782 Thread 0x000002d5f0a4cf90 Thread exited: 0x000002d5f0a4cf90
Event: 14693.550 Thread 0x000002d5d0afe810 Thread added: 0x000002d5f148b980
Event: 14693.727 Thread 0x000002d5ef811000 Thread added: 0x000002d5f0454f20
Event: 14693.729 Thread 0x000002d5f0454f20 Thread added: 0x000002d5f0451aa0
Event: 14693.731 Thread 0x000002d5f0451aa0 Thread added: 0x000002d5f0452130
Event: 14693.734 Thread 0x000002d5f0452130 Thread added: 0x000002d5f0dd0c40
Event: 14693.846 Thread 0x000002d5f148b980 Thread exited: 0x000002d5f148b980
Event: 14694.430 Thread 0x000002d5d0afe810 Thread added: 0x000002d5f148b980
Event: 14694.657 Thread 0x000002d5f0454f20 Thread added: 0x000002d5f0dce4e0
Event: 14694.657 Thread 0x000002d5f044f340 Thread added: 0x000002d5f0dd1ff0
Event: 14694.658 Thread 0x000002d5f0451aa0 Thread added: 0x000002d5f0dcf890
Event: 14694.658 Thread 0x000002d5f044f340 Thread added: 0x000002d5f0dceb70
Event: 14694.658 Thread 0x000002d5f0dce4e0 Thread added: 0x000002d5f0dd2680
Event: 14695.395 Thread 0x000002d5f148b980 Thread exited: 0x000002d5f148b980
Event: 14716.438 Thread 0x000002d5f044ecb0 Thread added: 0x000002d5f0dcf200


Dynamic libraries:
0x00007ff713f70000 - 0x00007ff713f7e000 	c:\Users\osiel\.vscode\extensions\redhat.java-1.52.0-win32-x64\jre\21.0.9-win32-x86_64\bin\java.exe
0x00007ffbc2800000 - 0x00007ffbc2a68000 	C:\WINDOWS\SYSTEM32\ntdll.dll
0x00007ffbc0c20000 - 0x00007ffbc0ce9000 	C:\WINDOWS\System32\KERNEL32.DLL
0x00007ffbbfd90000 - 0x00007ffbc0181000 	C:\WINDOWS\System32\KERNELBASE.dll
0x00007ffbc0190000 - 0x00007ffbc02db000 	C:\WINDOWS\System32\ucrtbase.dll
0x00007ffbba340000 - 0x00007ffbba35e000 	c:\Users\osiel\.vscode\extensions\redhat.java-1.52.0-win32-x64\jre\21.0.9-win32-x86_64\bin\VCRUNTIME140.dll
0x00007ffbafbe0000 - 0x00007ffbafbf8000 	c:\Users\osiel\.vscode\extensions\redhat.java-1.52.0-win32-x64\jre\21.0.9-win32-x86_64\bin\jli.dll
0x00007ffbc1160000 - 0x00007ffbc1326000 	C:\WINDOWS\System32\USER32.dll
0x00007ffbae840000 - 0x00007ffbaead3000 	C:\WINDOWS\WinSxS\amd64_microsoft.windows.common-controls_6595b64144ccf1df_6.0.26100.7824_none_3e0870b2e3345462\COMCTL32.dll
0x00007ffbc04c0000 - 0x00007ffbc04e7000 	C:\WINDOWS\System32\win32u.dll
0x00007ffbc0670000 - 0x00007ffbc0719000 	C:\WINDOWS\System32\msvcrt.dll
0x00007ffbc2790000 - 0x00007ffbc27bb000 	C:\WINDOWS\System32\GDI32.dll
0x00007ffbc02e0000 - 0x00007ffbc040b000 	C:\WINDOWS\System32\gdi32full.dll
0x00007ffbc04f0000 - 0x00007ffbc0593000 	C:\WINDOWS\System32\msvcp_win.dll
0x00007ffbc1dd0000 - 0x00007ffbc1e01000 	C:\WINDOWS\System32\IMM32.DLL
0x00007ffbba370000 - 0x00007ffbba37c000 	c:\Users\osiel\.vscode\extensions\redhat.java-1.52.0-win32-x64\jre\21.0.9-win32-x86_64\bin\vcruntime140_1.dll
0x00007ffb8af70000 - 0x00007ffb8affd000 	c:\Users\osiel\.vscode\extensions\redhat.java-1.52.0-win32-x64\jre\21.0.9-win32-x86_64\bin\msvcp140.dll
0x00007ffb4bc60000 - 0x00007ffb4ca00000 	c:\Users\osiel\.vscode\extensions\redhat.java-1.52.0-win32-x64\jre\21.0.9-win32-x86_64\bin\server\jvm.dll
0x00007ffbc05b0000 - 0x00007ffbc0664000 	C:\WINDOWS\System32\ADVAPI32.dll
0x00007ffbc0b70000 - 0x00007ffbc0c16000 	C:\WINDOWS\System32\sechost.dll
0x00007ffbc13a0000 - 0x00007ffbc14b8000 	C:\WINDOWS\System32\RPCRT4.dll
0x00007ffbc1f20000 - 0x00007ffbc1f94000 	C:\WINDOWS\System32\WS2_32.dll
0x00007ffbbef40000 - 0x00007ffbbef9e000 	C:\WINDOWS\SYSTEM32\POWRPROF.dll
0x00007ffbb88c0000 - 0x00007ffbb88f5000 	C:\WINDOWS\SYSTEM32\WINMM.dll
0x00007ffbb8d20000 - 0x00007ffbb8d2b000 	C:\WINDOWS\SYSTEM32\VERSION.dll
0x00007ffbbef20000 - 0x00007ffbbef34000 	C:\WINDOWS\SYSTEM32\UMPDC.dll
0x00007ffbbde80000 - 0x00007ffbbde9b000 	C:\WINDOWS\SYSTEM32\kernel.appcore.dll
0x00007ffbaf970000 - 0x00007ffbaf97a000 	c:\Users\osiel\.vscode\extensions\redhat.java-1.52.0-win32-x64\jre\21.0.9-win32-x86_64\bin\jimage.dll
0x00007ffbbd070000 - 0x00007ffbbd2b2000 	C:\WINDOWS\SYSTEM32\DBGHELP.DLL
0x00007ffbc0720000 - 0x00007ffbc0aa6000 	C:\WINDOWS\System32\combase.dll
0x00007ffbc1080000 - 0x00007ffbc1157000 	C:\WINDOWS\System32\OLEAUT32.dll
0x00007ffbad4e0000 - 0x00007ffbad51b000 	C:\WINDOWS\SYSTEM32\dbgcore.DLL
0x00007ffbc0410000 - 0x00007ffbc04b5000 	C:\WINDOWS\System32\bcryptPrimitives.dll
0x00007ffbaf960000 - 0x00007ffbaf96f000 	c:\Users\osiel\.vscode\extensions\redhat.java-1.52.0-win32-x64\jre\21.0.9-win32-x86_64\bin\instrument.dll
0x00007ffbaf0e0000 - 0x00007ffbaf100000 	c:\Users\osiel\.vscode\extensions\redhat.java-1.52.0-win32-x64\jre\21.0.9-win32-x86_64\bin\java.dll
0x00007ffbc1fa0000 - 0x00007ffbc26f2000 	C:\WINDOWS\System32\SHELL32.dll
0x00007ffbbf0e0000 - 0x00007ffbbf24a000 	C:\WINDOWS\System32\wintypes.dll
0x00007ffbbf3d0000 - 0x00007ffbbfc33000 	C:\WINDOWS\System32\windows.storage.dll
0x00007ffbc0f80000 - 0x00007ffbc1076000 	C:\WINDOWS\System32\SHCORE.dll
0x00007ffbc1d30000 - 0x00007ffbc1d97000 	C:\WINDOWS\System32\shlwapi.dll
0x00007ffbbf000000 - 0x00007ffbbf029000 	C:\WINDOWS\SYSTEM32\profapi.dll
0x00007ffbaf820000 - 0x00007ffbaf838000 	c:\Users\osiel\.vscode\extensions\redhat.java-1.52.0-win32-x64\jre\21.0.9-win32-x86_64\bin\zip.dll
0x00007ffbaf120000 - 0x00007ffbaf130000 	C:\Users\osiel\.vscode\extensions\redhat.java-1.52.0-win32-x64\jre\21.0.9-win32-x86_64\bin\net.dll
0x00007ffbb5920000 - 0x00007ffbb5a47000 	C:\WINDOWS\SYSTEM32\WINHTTP.dll
0x00007ffbbe3f0000 - 0x00007ffbbe45b000 	C:\WINDOWS\system32\mswsock.dll
0x00007ffbaf100000 - 0x00007ffbaf116000 	C:\Users\osiel\.vscode\extensions\redhat.java-1.52.0-win32-x64\jre\21.0.9-win32-x86_64\bin\nio.dll
0x00007ffbaee90000 - 0x00007ffbaeea0000 	c:\Users\osiel\.vscode\extensions\redhat.java-1.52.0-win32-x64\jre\21.0.9-win32-x86_64\bin\verify.dll
0x00007ffbafef0000 - 0x00007ffbaff35000 	C:\Users\osiel\AppData\Roaming\Code\User\globalStorage\redhat.java\1.52.0\config_win\org.eclipse.equinox.launcher\org.eclipse.equinox.launcher.win32.win32.x86_64_1.2.1500.v20260121-1430\eclipse_11919.dll
0x00007ffbc14c0000 - 0x00007ffbc1657000 	C:\WINDOWS\System32\ole32.dll
0x00007ffbbe6d0000 - 0x00007ffbbe6eb000 	C:\WINDOWS\SYSTEM32\CRYPTSP.dll
0x00007ffbbdde0000 - 0x00007ffbbde19000 	C:\WINDOWS\system32\rsaenh.dll
0x00007ffbbe4a0000 - 0x00007ffbbe4cb000 	C:\WINDOWS\SYSTEM32\USERENV.dll
0x00007ffbbefd0000 - 0x00007ffbbeffa000 	C:\WINDOWS\SYSTEM32\bcrypt.dll
0x00007ffbbe6c0000 - 0x00007ffbbe6cc000 	C:\WINDOWS\SYSTEM32\CRYPTBASE.dll
0x00007ffbbd860000 - 0x00007ffbbd894000 	C:\WINDOWS\SYSTEM32\IPHLPAPI.DLL
0x00007ffbc0d80000 - 0x00007ffbc0d8a000 	C:\WINDOWS\System32\NSI.dll
0x00007ffbaf5c0000 - 0x00007ffbaf609000 	C:\Users\osiel\AppData\Local\Temp\jna-76488268\jna9110447594781730495.dll
0x00007ffbc0cf0000 - 0x00007ffbc0cf8000 	C:\WINDOWS\System32\PSAPI.DLL
0x00007ffbb57d0000 - 0x00007ffbb57ee000 	C:\WINDOWS\SYSTEM32\dhcpcsvc6.DLL
0x00007ffbb58f0000 - 0x00007ffbb5913000 	C:\WINDOWS\SYSTEM32\dhcpcsvc.DLL

JVMTI agents:
c:\Users\osiel\.vscode\extensions\redhat.java-1.52.0-win32-x64\lombok\lombok-1.18.39-4050.jar path:c:\Users\osiel\.vscode\extensions\redhat.java-1.52.0-win32-x64\jre\21.0.9-win32-x86_64\bin\instrument.dll, loaded, initialized, instrumentlib options:none

dbghelp: loaded successfully - version: 4.0.5 - missing functions: none
symbol engine: initialized successfully - sym options: 0x614 - pdb path: .;c:\Users\osiel\.vscode\extensions\redhat.java-1.52.0-win32-x64\jre\21.0.9-win32-x86_64\bin;C:\WINDOWS\SYSTEM32;C:\WINDOWS\WinSxS\amd64_microsoft.windows.common-controls_6595b64144ccf1df_6.0.26100.7824_none_3e0870b2e3345462;c:\Users\osiel\.vscode\extensions\redhat.java-1.52.0-win32-x64\jre\21.0.9-win32-x86_64\bin\server;C:\Users\osiel\AppData\Roaming\Code\User\globalStorage\redhat.java\1.52.0\config_win\org.eclipse.equinox.launcher\org.eclipse.equinox.launcher.win32.win32.x86_64_1.2.1500.v20260121-1430;C:\Users\osiel\AppData\Local\Temp\jna-76488268

VM Arguments:
jvm_args: --add-modules=ALL-SYSTEM --add-opens=java.base/java.util=ALL-UNNAMED --add-opens=java.base/java.lang=ALL-UNNAMED --add-opens=java.base/sun.nio.fs=ALL-UNNAMED -Declipse.application=org.eclipse.jdt.ls.core.id1 -Dosgi.bundles.defaultStartLevel=4 -Declipse.product=org.eclipse.jdt.ls.core.product -Djava.import.generatesMetadataFilesAtProjectRoot=false -DDetectVMInstallationsJob.disabled=true -Dfile.encoding=utf8 -XX:+UseParallelGC -XX:GCTimeRatio=4 -XX:AdaptiveSizePolicyWeight=90 -Dsun.zip.disableMemoryMapping=true -Xmx2G -Xms100m -Xlog:disable -javaagent:c:\Users\osiel\.vscode\extensions\redhat.java-1.52.0-win32-x64\lombok\lombok-1.18.39-4050.jar -XX:+HeapDumpOnOutOfMemoryError -XX:HeapDumpPath=c:\Users\osiel\AppData\Roaming\Code\User\workspaceStorage\e80fa791bf202e7e74fa27a104db6c74\redhat.java -Daether.dependencyCollector.impl=bf 
java_command: c:\Users\osiel\.vscode\extensions\redhat.java-1.52.0-win32-x64\server\plugins\org.eclipse.equinox.launcher_1.7.100.v20251111-0406.jar -configuration c:\Users\osiel\AppData\Roaming\Code\User\globalStorage\redhat.java\1.52.0\config_win -data c:\Users\osiel\AppData\Roaming\Code\User\workspaceStorage\e80fa791bf202e7e74fa27a104db6c74\redhat.java\jdt_ws --pipe=\\.\pipe\lsp-e39b73b17d32af769e07d695ffbb108c-sock
java_class_path (initial): c:\Users\osiel\.vscode\extensions\redhat.java-1.52.0-win32-x64\server\plugins\org.eclipse.equinox.launcher_1.7.100.v20251111-0406.jar
Launcher Type: SUN_STANDARD

[Global flags]
    uintx AdaptiveSizePolicyWeight                 = 90                                        {product} {command line}
     intx CICompilerCount                          = 4                                         {product} {ergonomic}
    uintx GCTimeRatio                              = 4                                         {product} {command line}
     bool HeapDumpOnOutOfMemoryError               = true                                   {manageable} {command line}
    ccstr HeapDumpPath                             = c:\Users\osiel\AppData\Roaming\Code\User\workspaceStorage\e80fa791bf202e7e74fa27a104db6c74\redhat.java         {manageable} {command line}
   size_t InitialHeapSize                          = 104857600                                 {product} {command line}
   size_t MaxHeapSize                              = 2147483648                                {product} {command line}
   size_t MaxNewSize                               = 715653120                                 {product} {ergonomic}
   size_t MinHeapDeltaBytes                        = 524288                                    {product} {ergonomic}
   size_t MinHeapSize                              = 104857600                                 {product} {command line}
   size_t NewSize                                  = 34603008                                  {product} {ergonomic}
    uintx NonNMethodCodeHeapSize                   = 5839372                                {pd product} {ergonomic}
    uintx NonProfiledCodeHeapSize                  = 122909434                              {pd product} {ergonomic}
   size_t OldSize                                  = 70254592                                  {product} {ergonomic}
    uintx ProfiledCodeHeapSize                     = 122909434                              {pd product} {ergonomic}
    uintx ReservedCodeCacheSize                    = 251658240                              {pd product} {ergonomic}
     bool SegmentedCodeCache                       = true                                      {product} {ergonomic}
   size_t SoftMaxHeapSize                          = 2147483648                             {manageable} {ergonomic}
     bool UseCompressedOops                        = true                           {product lp64_product} {ergonomic}
     bool UseLargePagesIndividualAllocation        = false                                  {pd product} {ergonomic}
     bool UseParallelGC                            = true                                      {product} {command line}

Logging:
Log output configuration:
 #0: stdout all=off uptime,level,tags foldmultilines=false
 #1: stderr all=off uptime,level,tags foldmultilines=false

Release file:
JAVA_VERSION="21.0.9" 
MODULES="java.base java.compiler java.datatransfer java.xml java.prefs java.desktop java.instrument java.logging java.management java.security.sasl java.naming java.rmi java.management.rmi java.net.http java.scripting java.security.jgss java.transaction.xa java.sql java.sql.rowset java.xml.crypto java.se java.smartcardio jdk.accessibility jdk.internal.jvmstat jdk.attach jdk.charsets jdk.internal.opt jdk.zipfs jdk.compiler jdk.crypto.ec jdk.crypto.cryptoki jdk.crypto.mscapi jdk.dynalink jdk.internal.ed jdk.editpad jdk.hotspot.agent jdk.httpserver jdk.internal.le jdk.internal.vm.ci jdk.internal.vm.compiler jdk.internal.vm.compiler.management jdk.jartool jdk.javadoc jdk.jcmd jdk.management jdk.management.agent jdk.jconsole jdk.jdeps jdk.jdwp.agent jdk.jdi jdk.jfr jdk.jshell jdk.jsobject jdk.jstatd jdk.localedata jdk.management.jfr jdk.naming.dns jdk.naming.rmi jdk.net jdk.nio.mapmode jdk.random jdk.sctp jdk.security.auth jdk.security.jgss jdk.unsupported jdk.unsupported.desktop jdk.xml.dom" 

Environment Variables:
JAVA_HOME=C:\Program Files\Java\jdk-23
PATH=C:\Program Files\Eclipse Adoptium\jdk-11.0.30.7-hotspot\bin;C:\Program Files\Common Files\Oracle\Java\javapath;C:\Program Files\Microsoft\jdk-11.0.16.101-hotspot\bin;C:\Program Files\Java\jdk-20;C:\Windows\system32;C:\Windows;C:\Windows\System32\Wbem;C:\Windows\System32\WindowsPowerShell\v1.0\;C:\Windows\System32\OpenSSH\;C:\WINDOWS\system32;C:\WINDOWS;C:\WINDOWS\System32\Wbem;C:\WINDOWS\System32\WindowsPowerShell\v1.0\;C:\WINDOWS\System32\OpenSSH\;C:\Program Files\Git\cmd;C:\Program Files\Git\mingw64\bin;C:\Program Files\Git\usr\bin;C:\Users\osiel\AppData\Roaming\nvm;C:\xampp\php;C:\ProgramData\ComposerSetup\bin;C:\ProgramData\chocolatey\bin;C:\Users\osiel\AppData\Local\Programs\Python\Python311\Scripts;C:\Program Files\Docker\Docker\resources\bin;C:\Users\osiel\AppData\Local\Programs\Python\Python311\Scripts\;C:\Users\osiel\AppData\Local\Programs\Python\Python311\;C:\Users\osiel\AppData\Local\Microsoft\WindowsAp;C:\Program Files\dotnet\;%USERPROFILE%\AppData\Local\Muse Hub\lib;C:\Program Files\GitHub CLI\;C:\WINDOWS\system32;C:\WINDOWS;C:\WINDOWS\System32\Wbem;C:\WINDOWS\System32\WindowsPowerShell\v1.0\;C:\WINDOWS\System32\OpenSSH\;C:\Users\osiel\AppData\Roaming\nvm;C:\nvm4w\nodejs;C:\Program Files\Amazon\AWSCLIV2\;C:\Users\osiel\AppData\Local\Microsoft\WindowsApps;C:\msys64\mingw64\bin;C:\Users\osiel\AppData\Local\Programs\oh-my-posh\bin;C:\Users\osiel\AppData\Roaming\Composer\vendor\bin;C:\Users\osiel\AppData\Roaming\npm;C:\Users\osiel\.dotnet\tools;C:\Program Files\JetBrains\DataGrip 2023.2.2\bin;C:\Users\osiel\.fly\bin;C:\Users\osiel\flutter\bin;C:\Temp\lightsailctl\;C:\Users\osiel\AppData\Local\Muse Hub\lib;C:\Users\osiel\AppData\Local\Programs\Microsoft VS Code\bin;C:\Users\osiel\AppData\Local\Microsoft\WinGet\Packages\Schniz.fnm_Microsoft.Winget.Source_8wekyb3d8bbwe;C:\Program Files\JetBrains\DataGrip 2025.2.3\bin;C:\Users\osiel\AppData\Local\Microsoft\WindowsApps;C:\Users\osiel\AppData\Local\Programs\Antigravity\bin;C:\Users\osiel\AppData\Local\JetBrains\Toolbox\scripts;C:\Program Files\JetBrains\IntelliJ IDEA 2025.3.2\bin
USERNAME=Osiel
OS=Windows_NT
PROCESSOR_IDENTIFIER=AMD64 Family 23 Model 104 Stepping 1, AuthenticAMD
TMP=C:\Users\osiel\AppData\Local\Temp
TEMP=C:\Users\osiel\AppData\Local\Temp




Periodic native trim disabled

---------------  S Y S T E M  ---------------

OS:
 Windows 11 , 64 bit Build 26100 (10.0.26100.7705)
OS uptime: 0 days 9:34 hours
Hyper-V role detected

CPU: total 12 (initial active 12) (12 cores per cpu, 2 threads per core) family 23 model 104 stepping 1 microcode 0x8608109, cx8, cmov, fxsr, ht, mmx, 3dnowpref, sse, sse2, sse3, ssse3, sse4a, sse4.1, sse4.2, popcnt, lzcnt, tsc, tscinvbit, avx, avx2, aes, clmul, bmi1, bmi2, adx, sha, fma, vzeroupper, clflush, clflushopt, hv, rdtscp, rdpid, f16c
Processor Information for the first 12 processors :
  Max Mhz: 2100, Current Mhz: 1700, Mhz Limit: 2100

Memory: 4k page, system-wide physical 5989M (1223M free)
TotalPageFile size 24421M (AvailPageFile size 0M)
current process WorkingSet (physical memory assigned to process): 229M, peak: 648M
current process commit charge ("private bytes"): 1119M, peak: 1122M

vm_info: OpenJDK 64-Bit Server VM (21.0.9+10-LTS) for windows-amd64 JRE (21.0.9+10-LTS), built on 2025-10-21T00:00:00Z by "admin" with unknown MS VC++:1942

END.
