#
# There is insufficient memory for the Java Runtime Environment to continue.
# Native memory allocation (malloc) failed to allocate 652336 bytes. Error detail: Chunk::new
# Possible reasons:
#   The system is out of physical RAM or swap space
#   This process is running with CompressedOops enabled, and the Java Heap may be blocking the growth of the native heap
# Possible solutions:
#   Reduce memory load on the system
#   Increase physical memory or swap space
#   Check if swap backing store is full
#   Decrease Java heap size (-Xmx/-Xms)
#   Decrease number of Java threads
#   Decrease Java thread stack sizes (-Xss)
#   Set larger code cache with -XX:ReservedCodeCacheSize=
#   JVM is running with Unscaled Compressed Oops mode in which the Java heap is
#     placed in the first 4GB address space. The Java Heap base address is the
#     maximum limit for the native heap growth. Please use -XX:HeapBaseMinAddress
#     to set the Java Heap base and to place the Java Heap above 4GB virtual address.
# This output file may be truncated or incomplete.
#
#  Out of Memory Error (arena.cpp:168), pid=4508, tid=15240
#
# JRE version: OpenJDK Runtime Environment Temurin-21.0.9+10 (21.0.9+10) (build 21.0.9+10-LTS)
# Java VM: OpenJDK 64-Bit Server VM Temurin-21.0.9+10 (21.0.9+10-LTS, mixed mode, sharing, tiered, compressed oops, compressed class ptrs, parallel gc, windows-amd64)
# No core dump will be written. Minidumps are not enabled by default on client versions of Windows
#

---------------  S U M M A R Y ------------

Command Line: --add-modules=ALL-SYSTEM --add-opens=java.base/java.util=ALL-UNNAMED --add-opens=java.base/java.lang=ALL-UNNAMED --add-opens=java.base/sun.nio.fs=ALL-UNNAMED -Declipse.application=org.eclipse.jdt.ls.core.id1 -Dosgi.bundles.defaultStartLevel=4 -Declipse.product=org.eclipse.jdt.ls.core.product -Djava.import.generatesMetadataFilesAtProjectRoot=false -DDetectVMInstallationsJob.disabled=true -Dfile.encoding=utf8 -XX:+UseParallelGC -XX:GCTimeRatio=4 -XX:AdaptiveSizePolicyWeight=90 -Dsun.zip.disableMemoryMapping=true -Xmx2G -Xms100m -Xlog:disable -javaagent:c:\Users\osiel\.vscode\extensions\redhat.java-1.52.0-win32-x64\lombok\lombok-1.18.39-4050.jar -XX:+HeapDumpOnOutOfMemoryError -XX:HeapDumpPath=c:\Users\osiel\AppData\Roaming\Code\User\workspaceStorage\e80fa791bf202e7e74fa27a104db6c74\redhat.java -Daether.dependencyCollector.impl=bf c:\Users\osiel\.vscode\extensions\redhat.java-1.52.0-win32-x64\server\plugins\org.eclipse.equinox.launcher_1.7.100.v20251111-0406.jar -configuration c:\Users\osiel\AppData\Roaming\Code\User\globalStorage\redhat.java\1.52.0\config_win -data c:\Users\osiel\AppData\Roaming\Code\User\workspaceStorage\e80fa791bf202e7e74fa27a104db6c74\redhat.java\jdt_ws --pipe=\\.\pipe\lsp-bc7a2666390cef45d408562227a5a891-sock

Host: AMD Ryzen 5 5500U with Radeon Graphics         , 12 cores, 5G,  Windows 11 , 64 bit Build 26100 (10.0.26100.7705)
Time: Tue Feb 17 18:03:25 2026 Central Standard Time (Mexico) elapsed time: 49.330844 seconds (0d 0h 0m 49s)

---------------  T H R E A D  ---------------

Current thread (0x00000290e9c7f930):  JavaThread "C2 CompilerThread1" daemon [_thread_in_native, id=15240, stack(0x000000a436a00000,0x000000a436b00000) (1024K)]


Current CompileTask:
C2:49331 6652       4       org.eclipse.osgi.internal.loader.BundleLoader::addExportedProvidersFor (167 bytes)

Stack: [0x000000a436a00000,0x000000a436b00000]
Native frames: (J=compiled Java code, j=interpreted, Vv=VM code, C=native code)
V  [jvm.dll+0x6d6e29]
V  [jvm.dll+0x8b4b76]
V  [jvm.dll+0x8b712e]
V  [jvm.dll+0x8b7813]
V  [jvm.dll+0x283d86]
V  [jvm.dll+0xc66ed]
V  [jvm.dll+0xc6c31]
V  [jvm.dll+0x2facee]
V  [jvm.dll+0x5fde44]
V  [jvm.dll+0x255557]
V  [jvm.dll+0x24db6a]
V  [jvm.dll+0x24b482]
V  [jvm.dll+0x1cb13e]
V  [jvm.dll+0x25b29d]
V  [jvm.dll+0x25982a]
V  [jvm.dll+0x3f7ea6]
V  [jvm.dll+0x85e9ad]
V  [jvm.dll+0x6d565d]
C  [ucrtbase.dll+0x37b0]
C  [KERNEL32.DLL+0x2e8d7]
C  [ntdll.dll+0x8c40c]


---------------  P R O C E S S  ---------------

Threads class SMR info:
_java_thread_list=0x00000290ea348e30, length=53, elements={
0x000002908a2a0250, 0x00000290a0a9e4f0, 0x000002908a343330, 0x000002908a3473b0,
0x000002908a348280, 0x000002908a34a560, 0x000002908a350630, 0x000002908a35e670,
0x00000290e2f305f0, 0x00000290e31c7be0, 0x00000290e3269620, 0x00000290e860dfa0,
0x00000290e8442a90, 0x00000290e31b5150, 0x00000290e31b5f90, 0x00000290e814cb20,
0x00000290e8784610, 0x00000290e8c659b0, 0x00000290e8c666d0, 0x00000290e8c63250,
0x00000290e8c638e0, 0x00000290e8c63f70, 0x00000290e8c64c90, 0x00000290e8c65320,
0x00000290ea890870, 0x00000290ea88e110, 0x00000290ea88da80, 0x00000290ea88e7a0,
0x00000290ea88ee30, 0x00000290ea88fb50, 0x00000290ea88d3f0, 0x00000290ea88f4c0,
0x00000290ea8922b0, 0x00000290ea891c20, 0x00000290ea890f00, 0x00000290ea892940,
0x00000290ea893660, 0x00000290ea892fd0, 0x00000290ea8901e0, 0x00000290ea893cf0,
0x00000290ea894380, 0x00000290ea894a10, 0x00000290ea891590, 0x00000290ea9455c0,
0x00000290ea945c50, 0x00000290ea9462e0, 0x00000290ea943b80, 0x00000290ea944210,
0x00000290ea946970, 0x00000290ea9434f0, 0x00000290ea9448a0, 0x00000290ea944f30,
0x00000290e9c7f930
}

Java Threads: ( => current thread )
  0x000002908a2a0250 JavaThread "main"                              [_thread_blocked, id=13632, stack(0x000000a432800000,0x000000a432900000) (1024K)]
  0x00000290a0a9e4f0 JavaThread "Reference Handler"          daemon [_thread_blocked, id=8436, stack(0x000000a432c00000,0x000000a432d00000) (1024K)]
  0x000002908a343330 JavaThread "Finalizer"                  daemon [_thread_blocked, id=14024, stack(0x000000a432d00000,0x000000a432e00000) (1024K)]
  0x000002908a3473b0 JavaThread "Signal Dispatcher"          daemon [_thread_blocked, id=12580, stack(0x000000a432e00000,0x000000a432f00000) (1024K)]
  0x000002908a348280 JavaThread "Attach Listener"            daemon [_thread_blocked, id=6052, stack(0x000000a432f00000,0x000000a433000000) (1024K)]
  0x000002908a34a560 JavaThread "Service Thread"             daemon [_thread_blocked, id=17004, stack(0x000000a433000000,0x000000a433100000) (1024K)]
  0x000002908a350630 JavaThread "Monitor Deflation Thread"   daemon [_thread_blocked, id=14148, stack(0x000000a433100000,0x000000a433200000) (1024K)]
  0x000002908a35e670 JavaThread "C2 CompilerThread0"         daemon [_thread_blocked, id=13512, stack(0x000000a433200000,0x000000a433300000) (1024K)]
  0x00000290e2f305f0 JavaThread "C1 CompilerThread0"         daemon [_thread_in_vm, id=13356, stack(0x000000a433300000,0x000000a433400000) (1024K)]
  0x00000290e31c7be0 JavaThread "Common-Cleaner"             daemon [_thread_blocked, id=16688, stack(0x000000a433400000,0x000000a433500000) (1024K)]
  0x00000290e3269620 JavaThread "Notification Thread"        daemon [_thread_blocked, id=20996, stack(0x000000a433500000,0x000000a433600000) (1024K)]
  0x00000290e860dfa0 JavaThread "Active Thread: Equinox Container: b9815821-32c5-4fbf-ad64-e0aec0b9b6b1"        [_thread_blocked, id=1960, stack(0x000000a433c00000,0x000000a433d00000) (1024K)]
  0x00000290e8442a90 JavaThread "Refresh Thread: Equinox Container: b9815821-32c5-4fbf-ad64-e0aec0b9b6b1" daemon [_thread_blocked, id=16328, stack(0x000000a433e00000,0x000000a433f00000) (1024K)]
  0x00000290e31b5150 JavaThread "Framework Event Dispatcher: Equinox Container: b9815821-32c5-4fbf-ad64-e0aec0b9b6b1" daemon [_thread_blocked, id=20780, stack(0x000000a433f00000,0x000000a434000000) (1024K)]
  0x00000290e31b5f90 JavaThread "Start Level: Equinox Container: b9815821-32c5-4fbf-ad64-e0aec0b9b6b1" daemon [_thread_blocked, id=10860, stack(0x000000a434000000,0x000000a434100000) (1024K)]
  0x00000290e814cb20 JavaThread "Bundle File Closer"         daemon [_thread_blocked, id=8128, stack(0x000000a434300000,0x000000a434400000) (1024K)]
  0x00000290e8784610 JavaThread "SCR Component Actor"        daemon [_thread_blocked, id=1684, stack(0x000000a434400000,0x000000a434500000) (1024K)]
  0x00000290e8c659b0 JavaThread "Worker-JM"                         [_thread_blocked, id=6908, stack(0x000000a434500000,0x000000a434600000) (1024K)]
  0x00000290e8c666d0 JavaThread "JNA Cleaner"                daemon [_thread_blocked, id=13304, stack(0x000000a434600000,0x000000a434700000) (1024K)]
  0x00000290e8c63250 JavaThread "Worker-0"                          [_thread_blocked, id=6848, stack(0x000000a434700000,0x000000a434800000) (1024K)]
  0x00000290e8c638e0 JavaThread "Worker-1"                          [_thread_blocked, id=19156, stack(0x000000a434800000,0x000000a434900000) (1024K)]
  0x00000290e8c63f70 JavaThread "Worker-2"                          [_thread_blocked, id=18384, stack(0x000000a434900000,0x000000a434a00000) (1024K)]
  0x00000290e8c64c90 JavaThread "Worker-3"                          [_thread_blocked, id=19076, stack(0x000000a434a00000,0x000000a434b00000) (1024K)]
  0x00000290e8c65320 JavaThread "Java indexing"              daemon [_thread_blocked, id=4012, stack(0x000000a434b00000,0x000000a434c00000) (1024K)]
  0x00000290ea890870 JavaThread "Worker-4"                          [_thread_blocked, id=13376, stack(0x000000a434e00000,0x000000a434f00000) (1024K)]
  0x00000290ea88e110 JavaThread "Thread-1"                   daemon [_thread_in_native, id=7816, stack(0x000000a434f00000,0x000000a435000000) (1024K)]
  0x00000290ea88da80 JavaThread "Thread-2"                   daemon [_thread_in_native, id=15872, stack(0x000000a435000000,0x000000a435100000) (1024K)]
  0x00000290ea88e7a0 JavaThread "Thread-3"                   daemon [_thread_in_native, id=3868, stack(0x000000a435100000,0x000000a435200000) (1024K)]
  0x00000290ea88ee30 JavaThread "Thread-4"                   daemon [_thread_in_native, id=11480, stack(0x000000a435200000,0x000000a435300000) (1024K)]
  0x00000290ea88fb50 JavaThread "Thread-5"                   daemon [_thread_in_native, id=12112, stack(0x000000a435300000,0x000000a435400000) (1024K)]
  0x00000290ea88d3f0 JavaThread "Thread-6"                   daemon [_thread_in_native, id=7396, stack(0x000000a435400000,0x000000a435500000) (1024K)]
  0x00000290ea88f4c0 JavaThread "Thread-7"                   daemon [_thread_in_native, id=20280, stack(0x000000a435500000,0x000000a435600000) (1024K)]
  0x00000290ea8922b0 JavaThread "Thread-8"                   daemon [_thread_in_native, id=19348, stack(0x000000a435600000,0x000000a435700000) (1024K)]
  0x00000290ea891c20 JavaThread "Thread-9"                   daemon [_thread_in_native, id=18672, stack(0x000000a435700000,0x000000a435800000) (1024K)]
  0x00000290ea890f00 JavaThread "Thread-10"                  daemon [_thread_in_native, id=7024, stack(0x000000a435800000,0x000000a435900000) (1024K)]
  0x00000290ea892940 JavaThread "Thread-11"                  daemon [_thread_in_native, id=5200, stack(0x000000a435900000,0x000000a435a00000) (1024K)]
  0x00000290ea893660 JavaThread "Thread-12"                  daemon [_thread_in_native, id=6884, stack(0x000000a435a00000,0x000000a435b00000) (1024K)]
  0x00000290ea892fd0 JavaThread "Thread-13"                  daemon [_thread_in_native, id=3472, stack(0x000000a435b00000,0x000000a435c00000) (1024K)]
  0x00000290ea8901e0 JavaThread "pool-2-thread-1"                   [_thread_blocked, id=4968, stack(0x000000a435c00000,0x000000a435d00000) (1024K)]
  0x00000290ea893cf0 JavaThread "WorkspaceEventsHandler"            [_thread_blocked, id=5936, stack(0x000000a435d00000,0x000000a435e00000) (1024K)]
  0x00000290ea894380 JavaThread "pool-1-thread-1"                   [_thread_blocked, id=12480, stack(0x000000a435e00000,0x000000a435f00000) (1024K)]
  0x00000290ea894a10 JavaThread "ForkJoinPool.commonPool-worker-1" daemon [_thread_blocked, id=10760, stack(0x000000a435f00000,0x000000a436000000) (1024K)]
  0x00000290ea891590 JavaThread "ForkJoinPool.commonPool-worker-2" daemon [_thread_blocked, id=16996, stack(0x000000a436000000,0x000000a436100000) (1024K)]
  0x00000290ea9455c0 JavaThread "ForkJoinPool.commonPool-worker-3" daemon [_thread_blocked, id=1220, stack(0x000000a436100000,0x000000a436200000) (1024K)]
  0x00000290ea945c50 JavaThread "ForkJoinPool.commonPool-worker-4" daemon [_thread_blocked, id=16044, stack(0x000000a436200000,0x000000a436300000) (1024K)]
  0x00000290ea9462e0 JavaThread "ForkJoinPool.commonPool-worker-5" daemon [_thread_blocked, id=12972, stack(0x000000a436300000,0x000000a436400000) (1024K)]
  0x00000290ea943b80 JavaThread "ForkJoinPool.commonPool-worker-6" daemon [_thread_blocked, id=20260, stack(0x000000a436400000,0x000000a436500000) (1024K)]
  0x00000290ea944210 JavaThread "ForkJoinPool.commonPool-worker-7" daemon [_thread_blocked, id=19392, stack(0x000000a436500000,0x000000a436600000) (1024K)]
  0x00000290ea946970 JavaThread "ForkJoinPool.commonPool-worker-8" daemon [_thread_blocked, id=6976, stack(0x000000a436600000,0x000000a436700000) (1024K)]
  0x00000290ea9434f0 JavaThread "ForkJoinPool.commonPool-worker-9" daemon [_thread_blocked, id=19948, stack(0x000000a436700000,0x000000a436800000) (1024K)]
  0x00000290ea9448a0 JavaThread "ForkJoinPool.commonPool-worker-10" daemon [_thread_blocked, id=13936, stack(0x000000a436800000,0x000000a436900000) (1024K)]
  0x00000290ea944f30 JavaThread "ForkJoinPool.commonPool-worker-11" daemon [_thread_blocked, id=2480, stack(0x000000a436900000,0x000000a436a00000) (1024K)]
=>0x00000290e9c7f930 JavaThread "C2 CompilerThread1"         daemon [_thread_in_native, id=15240, stack(0x000000a436a00000,0x000000a436b00000) (1024K)]
Total: 53

Other Threads:
  0x000002908a341ab0 VMThread "VM Thread"                           [id=12300, stack(0x000000a432b00000,0x000000a432c00000) (1024K)]
  0x00000290a097bb20 WatcherThread "VM Periodic Task Thread"        [id=19668, stack(0x000000a432a00000,0x000000a432b00000) (1024K)]
  0x000002908a2bd6f0 WorkerThread "GC Thread#0"                     [id=13876, stack(0x000000a432900000,0x000000a432a00000) (1024K)]
  0x00000290e810ab50 WorkerThread "GC Thread#1"                     [id=7832, stack(0x000000a433600000,0x000000a433700000) (1024K)]
  0x00000290e847fab0 WorkerThread "GC Thread#2"                     [id=8188, stack(0x000000a433700000,0x000000a433800000) (1024K)]
  0x00000290e810aef0 WorkerThread "GC Thread#3"                     [id=21448, stack(0x000000a433800000,0x000000a433900000) (1024K)]
  0x00000290e810b290 WorkerThread "GC Thread#4"                     [id=19400, stack(0x000000a433900000,0x000000a433a00000) (1024K)]
  0x00000290e82747f0 WorkerThread "GC Thread#5"                     [id=19044, stack(0x000000a433a00000,0x000000a433b00000) (1024K)]
  0x00000290e8174af0 WorkerThread "GC Thread#6"                     [id=18304, stack(0x000000a433b00000,0x000000a433c00000) (1024K)]
  0x00000290e85fc1b0 WorkerThread "GC Thread#7"                     [id=11124, stack(0x000000a433d00000,0x000000a433e00000) (1024K)]
  0x00000290e85fc8f0 WorkerThread "GC Thread#8"                     [id=3000, stack(0x000000a434100000,0x000000a434200000) (1024K)]
  0x00000290e85fcc90 WorkerThread "GC Thread#9"                     [id=1632, stack(0x000000a434200000,0x000000a434300000) (1024K)]
Total: 12

Threads with active compile tasks:
C2 CompilerThread0  49423 6658       4       java.lang.invoke.MethodType::makeImpl (109 bytes)
C1 CompilerThread0  49423 6667   !   3       java.util.zip.ZipFile$Source::get (177 bytes)
C2 CompilerThread1  49423 6652       4       org.eclipse.osgi.internal.loader.BundleLoader::addExportedProvidersFor (167 bytes)
Total: 3

VM state: not at safepoint (normal execution)

VM Mutex/Monitor currently owned by a thread:  ([mutex/lock_event])
[0x00007ffb539ac070] MethodCompileQueue_lock - owner thread: 0x00000290e2f305f0
[0x00007ffb539ad470] CodeCache_lock - owner thread: 0x00000290e2f305f0
[0x00007ffb539ad5f0] Compile_lock - owner thread: 0x00000290e2f305f0

Heap address: 0x0000000080000000, size: 2048 MB, Compressed Oops mode: 32-bit

CDS archive(s) mapped at: [0x00000290a1000000-0x00000290a1ba0000-0x00000290a1ba0000), size 12189696, SharedBaseAddress: 0x00000290a1000000, ArchiveRelocationMode: 1.
Compressed class space mapped at: 0x00000290a2000000-0x00000290e2000000, reserved size: 1073741824
Narrow klass base: 0x00000290a1000000, Narrow klass shift: 0, Narrow klass range: 0x100000000

GC Precious Log:
 CardTable entry size: 512
 CPUs: 12 total, 12 available
 Memory: 5989M
 Large Page Support: Disabled
 NUMA Support: Disabled
 Compressed Oops: Enabled (32-bit)
 Alignments: Space 512K, Generation 512K, Heap 2M
 Heap Min Capacity: 100M
 Heap Initial Capacity: 100M
 Heap Max Capacity: 2G
 Pre-touch: Disabled
 Parallel Workers: 10

Heap:
 PSYoungGen      total 24064K, used 3697K [0x00000000d5580000, 0x00000000d7080000, 0x0000000100000000)
  eden space 22016K, 7% used [0x00000000d5580000,0x00000000d5722970,0x00000000d6b00000)
  from space 2048K, 98% used [0x00000000d6c80000,0x00000000d6e79a98,0x00000000d6e80000)
  to   space 2048K, 0% used [0x00000000d6e80000,0x00000000d6e80000,0x00000000d7080000)
 ParOldGen       total 68608K, used 29564K [0x0000000080000000, 0x0000000084300000, 0x00000000d5580000)
  object space 68608K, 43% used [0x0000000080000000,0x0000000081cdf178,0x0000000084300000)
 Metaspace       used 45934K, committed 47168K, reserved 1114112K
  class space    used 4994K, committed 5504K, reserved 1048576K

Card table byte_map: [0x0000029089b50000,0x0000029089f60000] _byte_map_base: 0x0000029089750000

Marking Bits: (ParMarkBitMap*) 0x00007ffb539b2460
 Begin Bits: [0x000002909c4a0000, 0x000002909e4a0000)
 End Bits:   [0x000002909e4a0000, 0x00000290a04a0000)

Polling page: 0x0000029087dc0000

Metaspace:

Usage:
  Non-class:     39.98 MB used.
      Class:      4.88 MB used.
       Both:     44.86 MB used.

Virtual space:
  Non-class space:       64.00 MB reserved,      40.69 MB ( 64%) committed,  1 nodes.
      Class space:        1.00 GB reserved,       5.38 MB ( <1%) committed,  1 nodes.
             Both:        1.06 GB reserved,      46.06 MB (  4%) committed. 

Chunk freelists:
   Non-Class:  7.22 MB
       Class:  10.50 MB
        Both:  17.72 MB

MaxMetaspaceSize: unlimited
CompressedClassSpaceSize: 1.00 GB
Initial GC threshold: 21.00 MB
Current GC threshold: 58.38 MB
CDS: on
 - commit_granule_bytes: 65536.
 - commit_granule_words: 8192.
 - virtual_space_node_default_size: 8388608.
 - enlarge_chunks_in_place: 1.
 - use_allocation_guard: 0.


Internal statistics:

num_allocs_failed_limit: 6.
num_arena_births: 942.
num_arena_deaths: 14.
num_vsnodes_births: 2.
num_vsnodes_deaths: 0.
num_space_committed: 737.
num_space_uncommitted: 0.
num_chunks_returned_to_freelist: 20.
num_chunks_taken_from_freelist: 3121.
num_chunk_merges: 12.
num_chunk_splits: 1869.
num_chunks_enlarged: 970.
num_inconsistent_stats: 0.

CodeHeap 'non-profiled nmethods': size=120000Kb used=2535Kb max_used=2535Kb free=117464Kb
 bounds [0x0000029094f70000, 0x00000290951f0000, 0x000002909c4a0000]
CodeHeap 'profiled nmethods': size=120000Kb used=12025Kb max_used=12025Kb free=107974Kb
 bounds [0x000002908d4a0000, 0x000002908e060000, 0x00000290949d0000]
CodeHeap 'non-nmethods': size=5760Kb used=1363Kb max_used=1413Kb free=4396Kb
 bounds [0x00000290949d0000, 0x0000029094c40000, 0x0000029094f70000]
CodeCache: size=245760Kb, used=15923Kb, max_used=15973Kb, free=229834Kb
 total_blobs=6731, nmethods=6070, adapters=567, full_count=0
Compilation: enabled, stopped_count=0, restarted_count=0

Compilation events (20 events):
Event: 45.200 Thread 0x00000290e9c7f930 nmethod 6650 0x00000290951e4590 code [0x00000290951e47c0, 0x00000290951e5180]
Event: 45.200 Thread 0x00000290e9c7f930 6654       4       java.io.WinNTFileSystem::normalize (143 bytes)
Event: 45.200 Thread 0x00000290e9031a60 6651       4       java.util.ArrayList::contains (14 bytes)
Event: 45.205 Thread 0x00000290e9c7f930 nmethod 6654 0x00000290951e5710 code [0x00000290951e58e0, 0x00000290951e5ba8]
Event: 45.206 Thread 0x00000290e9c7f930 6652       4       org.eclipse.osgi.internal.loader.BundleLoader::addExportedProvidersFor (167 bytes)
Event: 45.210 Thread 0x00000290e9031a60 nmethod 6651 0x00000290951e5e90 code [0x00000290951e6020, 0x00000290951e62a8]
Event: 45.210 Thread 0x00000290e9031a60 6653   !   4       org.eclipse.osgi.internal.container.AtomicLazyInitializer::getInitialized (70 bytes)
Event: 45.215 Thread 0x00000290e9031a60 nmethod 6653 0x00000290951e6410 code [0x00000290951e65c0, 0x00000290951e6a28]
Event: 45.215 Thread 0x00000290e9031a60 6641       4       java.lang.ref.Reference::enqueueFromPending (19 bytes)
Event: 45.227 Thread 0x00000290e9031a60 nmethod 6641 0x00000290951e6c90 code [0x00000290951e6ee0, 0x00000290951e76e8]
Event: 45.227 Thread 0x00000290e9031a60 6642       4       java.lang.ref.ReferenceQueue::enqueue0 (98 bytes)
Event: 45.234 Thread 0x00000290e9031a60 nmethod 6642 0x00000290951e7c90 code [0x00000290951e7e80, 0x00000290951e8180]
Event: 45.257 Thread 0x000002908a35e670 nmethod 6646% 0x00000290951e8410 code [0x00000290951e85a0, 0x00000290951e8778]
Event: 46.276 Thread 0x00000290e2f305f0 6655       3       java.lang.invoke.SimpleMethodHandle::copyWithExtendL (7 bytes)
Event: 46.277 Thread 0x00000290e2f305f0 nmethod 6655 0x000002908e059e90 code [0x000002908e05a040, 0x000002908e05a1d8]
Event: 46.279 Thread 0x000002908a35e670 6656   !   4       java.util.Collections$SynchronizedCollection::contains (25 bytes)
Event: 47.302 Thread 0x00000290e2f305f0 6661       3       org.eclipse.osgi.internal.util.Tokenizer::getString (174 bytes)
Event: 47.304 Thread 0x00000290e2f305f0 nmethod 6661 0x000002908e05a290 code [0x000002908e05a520, 0x000002908e05af48]
Event: 47.304 Thread 0x00000290e2f305f0 6662       3       org.eclipse.osgi.internal.util.Tokenizer::getString (7 bytes)
Event: 47.304 Thread 0x00000290e2f305f0 nmethod 6662 0x000002908e05b390 code [0x000002908e05b540, 0x000002908e05b6a0]

GC Heap History (20 events):
Event: 19.771 GC heap before
{Heap before GC invocations=12 (full 1):
 PSYoungGen      total 24064K, used 23914K [0x00000000d5580000, 0x00000000d7380000, 0x0000000100000000)
  eden space 23040K, 100% used [0x00000000d5580000,0x00000000d6c00000,0x00000000d6c00000)
  from space 1024K, 85% used [0x00000000d7280000,0x00000000d735aad0,0x00000000d7380000)
  to   space 2048K, 0% used [0x00000000d6f80000,0x00000000d6f80000,0x00000000d7180000)
 ParOldGen       total 68608K, used 15774K [0x0000000080000000, 0x0000000084300000, 0x00000000d5580000)
  object space 68608K, 22% used [0x0000000080000000,0x0000000080f678c8,0x0000000084300000)
 Metaspace       used 30217K, committed 31168K, reserved 1114112K
  class space    used 3047K, committed 3456K, reserved 1048576K
}
Event: 19.774 GC heap after
{Heap after GC invocations=12 (full 1):
 PSYoungGen      total 24576K, used 960K [0x00000000d5580000, 0x00000000d7300000, 0x0000000100000000)
  eden space 22528K, 0% used [0x00000000d5580000,0x00000000d5580000,0x00000000d6b80000)
  from space 2048K, 46% used [0x00000000d6f80000,0x00000000d7070000,0x00000000d7180000)
  to   space 1536K, 0% used [0x00000000d7180000,0x00000000d7180000,0x00000000d7300000)
 ParOldGen       total 68608K, used 16310K [0x0000000080000000, 0x0000000084300000, 0x00000000d5580000)
  object space 68608K, 23% used [0x0000000080000000,0x0000000080feda88,0x0000000084300000)
 Metaspace       used 30217K, committed 31168K, reserved 1114112K
  class space    used 3047K, committed 3456K, reserved 1048576K
}
Event: 20.282 GC heap before
{Heap before GC invocations=13 (full 1):
 PSYoungGen      total 24576K, used 23488K [0x00000000d5580000, 0x00000000d7300000, 0x0000000100000000)
  eden space 22528K, 100% used [0x00000000d5580000,0x00000000d6b80000,0x00000000d6b80000)
  from space 2048K, 46% used [0x00000000d6f80000,0x00000000d7070000,0x00000000d7180000)
  to   space 1536K, 0% used [0x00000000d7180000,0x00000000d7180000,0x00000000d7300000)
 ParOldGen       total 68608K, used 16318K [0x0000000080000000, 0x0000000084300000, 0x00000000d5580000)
  object space 68608K, 23% used [0x0000000080000000,0x0000000080fefa98,0x0000000084300000)
 Metaspace       used 32006K, committed 33024K, reserved 1114112K
  class space    used 3253K, committed 3712K, reserved 1048576K
}
Event: 20.286 GC heap after
{Heap after GC invocations=13 (full 1):
 PSYoungGen      total 24064K, used 1229K [0x00000000d5580000, 0x00000000d7300000, 0x0000000100000000)
  eden space 22528K, 0% used [0x00000000d5580000,0x00000000d5580000,0x00000000d6b80000)
  from space 1536K, 80% used [0x00000000d7180000,0x00000000d72b3550,0x00000000d7300000)
  to   space 1536K, 0% used [0x00000000d7000000,0x00000000d7000000,0x00000000d7180000)
 ParOldGen       total 68608K, used 16990K [0x0000000080000000, 0x0000000084300000, 0x00000000d5580000)
  object space 68608K, 24% used [0x0000000080000000,0x0000000081097a98,0x0000000084300000)
 Metaspace       used 32006K, committed 33024K, reserved 1114112K
  class space    used 3253K, committed 3712K, reserved 1048576K
}
Event: 21.391 GC heap before
{Heap before GC invocations=14 (full 1):
 PSYoungGen      total 24064K, used 23757K [0x00000000d5580000, 0x00000000d7300000, 0x0000000100000000)
  eden space 22528K, 100% used [0x00000000d5580000,0x00000000d6b80000,0x00000000d6b80000)
  from space 1536K, 80% used [0x00000000d7180000,0x00000000d72b3550,0x00000000d7300000)
  to   space 1536K, 0% used [0x00000000d7000000,0x00000000d7000000,0x00000000d7180000)
 ParOldGen       total 68608K, used 16996K [0x0000000080000000, 0x0000000084300000, 0x00000000d5580000)
  object space 68608K, 24% used [0x0000000080000000,0x00000000810990a0,0x0000000084300000)
 Metaspace       used 34340K, committed 35456K, reserved 1114112K
  class space    used 3543K, committed 4032K, reserved 1048576K
}
Event: 21.396 GC heap after
{Heap after GC invocations=14 (full 1):
 PSYoungGen      total 23040K, used 960K [0x00000000d5580000, 0x00000000d7200000, 0x0000000100000000)
  eden space 22016K, 0% used [0x00000000d5580000,0x00000000d5580000,0x00000000d6b00000)
  from space 1024K, 93% used [0x00000000d7000000,0x00000000d70f0000,0x00000000d7100000)
  to   space 1024K, 0% used [0x00000000d7100000,0x00000000d7100000,0x00000000d7200000)
 ParOldGen       total 68608K, used 18062K [0x0000000080000000, 0x0000000084300000, 0x00000000d5580000)
  object space 68608K, 26% used [0x0000000080000000,0x00000000811a3bb8,0x0000000084300000)
 Metaspace       used 34340K, committed 35456K, reserved 1114112K
  class space    used 3543K, committed 4032K, reserved 1048576K
}
Event: 21.522 GC heap before
{Heap before GC invocations=15 (full 1):
 PSYoungGen      total 23040K, used 5924K [0x00000000d5580000, 0x00000000d7200000, 0x0000000100000000)
  eden space 22016K, 22% used [0x00000000d5580000,0x00000000d5a59330,0x00000000d6b00000)
  from space 1024K, 93% used [0x00000000d7000000,0x00000000d70f0000,0x00000000d7100000)
  to   space 1024K, 0% used [0x00000000d7100000,0x00000000d7100000,0x00000000d7200000)
 ParOldGen       total 68608K, used 18062K [0x0000000080000000, 0x0000000084300000, 0x00000000d5580000)
  object space 68608K, 26% used [0x0000000080000000,0x00000000811a3bb8,0x0000000084300000)
 Metaspace       used 34810K, committed 35840K, reserved 1114112K
  class space    used 3601K, committed 4032K, reserved 1048576K
}
Event: 21.526 GC heap after
{Heap after GC invocations=15 (full 1):
 PSYoungGen      total 22528K, used 397K [0x00000000d5580000, 0x00000000d7180000, 0x0000000100000000)
  eden space 22016K, 0% used [0x00000000d5580000,0x00000000d5580000,0x00000000d6b00000)
  from space 512K, 77% used [0x00000000d7100000,0x00000000d7163500,0x00000000d7180000)
  to   space 1024K, 0% used [0x00000000d6f80000,0x00000000d6f80000,0x00000000d7080000)
 ParOldGen       total 68608K, used 18846K [0x0000000080000000, 0x0000000084300000, 0x00000000d5580000)
  object space 68608K, 27% used [0x0000000080000000,0x0000000081267990,0x0000000084300000)
 Metaspace       used 34810K, committed 35840K, reserved 1114112K
  class space    used 3601K, committed 4032K, reserved 1048576K
}
Event: 21.526 GC heap before
{Heap before GC invocations=16 (full 2):
 PSYoungGen      total 22528K, used 397K [0x00000000d5580000, 0x00000000d7180000, 0x0000000100000000)
  eden space 22016K, 0% used [0x00000000d5580000,0x00000000d5580000,0x00000000d6b00000)
  from space 512K, 77% used [0x00000000d7100000,0x00000000d7163500,0x00000000d7180000)
  to   space 1024K, 0% used [0x00000000d6f80000,0x00000000d6f80000,0x00000000d7080000)
 ParOldGen       total 68608K, used 18846K [0x0000000080000000, 0x0000000084300000, 0x00000000d5580000)
  object space 68608K, 27% used [0x0000000080000000,0x0000000081267990,0x0000000084300000)
 Metaspace       used 34810K, committed 35840K, reserved 1114112K
  class space    used 3601K, committed 4032K, reserved 1048576K
}
Event: 21.614 GC heap after
{Heap after GC invocations=16 (full 2):
 PSYoungGen      total 22528K, used 0K [0x00000000d5580000, 0x00000000d7180000, 0x0000000100000000)
  eden space 22016K, 0% used [0x00000000d5580000,0x00000000d5580000,0x00000000d6b00000)
  from space 512K, 0% used [0x00000000d7100000,0x00000000d7100000,0x00000000d7180000)
  to   space 1024K, 0% used [0x00000000d6f80000,0x00000000d6f80000,0x00000000d7080000)
 ParOldGen       total 68608K, used 18392K [0x0000000080000000, 0x0000000084300000, 0x00000000d5580000)
  object space 68608K, 26% used [0x0000000080000000,0x00000000811f6070,0x0000000084300000)
 Metaspace       used 34810K, committed 35840K, reserved 1114112K
  class space    used 3601K, committed 4032K, reserved 1048576K
}
Event: 22.035 GC heap before
{Heap before GC invocations=17 (full 2):
 PSYoungGen      total 22528K, used 22016K [0x00000000d5580000, 0x00000000d7180000, 0x0000000100000000)
  eden space 22016K, 100% used [0x00000000d5580000,0x00000000d6b00000,0x00000000d6b00000)
  from space 512K, 0% used [0x00000000d7100000,0x00000000d7100000,0x00000000d7180000)
  to   space 1024K, 0% used [0x00000000d6f80000,0x00000000d6f80000,0x00000000d7080000)
 ParOldGen       total 68608K, used 18392K [0x0000000080000000, 0x0000000084300000, 0x00000000d5580000)
  object space 68608K, 26% used [0x0000000080000000,0x00000000811f6070,0x0000000084300000)
 Metaspace       used 37388K, committed 38592K, reserved 1114112K
  class space    used 3902K, committed 4416K, reserved 1048576K
}
Event: 22.037 GC heap after
{Heap after GC invocations=17 (full 2):
 PSYoungGen      total 23040K, used 1013K [0x00000000d5580000, 0x00000000d7180000, 0x0000000100000000)
  eden space 22016K, 0% used [0x00000000d5580000,0x00000000d5580000,0x00000000d6b00000)
  from space 1024K, 98% used [0x00000000d6f80000,0x00000000d707d590,0x00000000d7080000)
  to   space 1024K, 0% used [0x00000000d7080000,0x00000000d7080000,0x00000000d7180000)
 ParOldGen       total 68608K, used 18921K [0x0000000080000000, 0x0000000084300000, 0x00000000d5580000)
  object space 68608K, 27% used [0x0000000080000000,0x000000008127a7d8,0x0000000084300000)
 Metaspace       used 37388K, committed 38592K, reserved 1114112K
  class space    used 3902K, committed 4416K, reserved 1048576K
}
Event: 22.389 GC heap before
{Heap before GC invocations=18 (full 2):
 PSYoungGen      total 23040K, used 23029K [0x00000000d5580000, 0x00000000d7180000, 0x0000000100000000)
  eden space 22016K, 100% used [0x00000000d5580000,0x00000000d6b00000,0x00000000d6b00000)
  from space 1024K, 98% used [0x00000000d6f80000,0x00000000d707d590,0x00000000d7080000)
  to   space 1024K, 0% used [0x00000000d7080000,0x00000000d7080000,0x00000000d7180000)
 ParOldGen       total 68608K, used 18921K [0x0000000080000000, 0x0000000084300000, 0x00000000d5580000)
  object space 68608K, 27% used [0x0000000080000000,0x000000008127a7d8,0x0000000084300000)
 Metaspace       used 39650K, committed 40832K, reserved 1114112K
  class space    used 4209K, committed 4736K, reserved 1048576K
}
Event: 22.393 GC heap after
{Heap after GC invocations=18 (full 2):
 PSYoungGen      total 23040K, used 1024K [0x00000000d5580000, 0x00000000d7200000, 0x0000000100000000)
  eden space 22016K, 0% used [0x00000000d5580000,0x00000000d5580000,0x00000000d6b00000)
  from space 1024K, 100% used [0x00000000d7080000,0x00000000d7180000,0x00000000d7180000)
  to   space 3584K, 0% used [0x00000000d6b00000,0x00000000d6b00000,0x00000000d6e80000)
 ParOldGen       total 68608K, used 20990K [0x0000000080000000, 0x0000000084300000, 0x00000000d5580000)
  object space 68608K, 30% used [0x0000000080000000,0x000000008147f938,0x0000000084300000)
 Metaspace       used 39650K, committed 40832K, reserved 1114112K
  class space    used 4209K, committed 4736K, reserved 1048576K
}
Event: 23.664 GC heap before
{Heap before GC invocations=19 (full 2):
 PSYoungGen      total 23040K, used 23040K [0x00000000d5580000, 0x00000000d7200000, 0x0000000100000000)
  eden space 22016K, 100% used [0x00000000d5580000,0x00000000d6b00000,0x00000000d6b00000)
  from space 1024K, 100% used [0x00000000d7080000,0x00000000d7180000,0x00000000d7180000)
  to   space 3584K, 0% used [0x00000000d6b00000,0x00000000d6b00000,0x00000000d6e80000)
 ParOldGen       total 68608K, used 20990K [0x0000000080000000, 0x0000000084300000, 0x00000000d5580000)
  object space 68608K, 30% used [0x0000000080000000,0x000000008147f938,0x0000000084300000)
 Metaspace       used 42066K, committed 43328K, reserved 1114112K
  class space    used 4507K, committed 5056K, reserved 1048576K
}
Event: 23.668 GC heap after
{Heap after GC invocations=19 (full 2):
 PSYoungGen      total 25600K, used 1600K [0x00000000d5580000, 0x00000000d7100000, 0x0000000100000000)
  eden space 22016K, 0% used [0x00000000d5580000,0x00000000d5580000,0x00000000d6b00000)
  from space 3584K, 44% used [0x00000000d6b00000,0x00000000d6c90000,0x00000000d6e80000)
  to   space 2560K, 0% used [0x00000000d6e80000,0x00000000d6e80000,0x00000000d7100000)
 ParOldGen       total 68608K, used 21972K [0x0000000080000000, 0x0000000084300000, 0x00000000d5580000)
  object space 68608K, 32% used [0x0000000080000000,0x0000000081575268,0x0000000084300000)
 Metaspace       used 42066K, committed 43328K, reserved 1114112K
  class space    used 4507K, committed 5056K, reserved 1048576K
}
Event: 24.705 GC heap before
{Heap before GC invocations=20 (full 2):
 PSYoungGen      total 25600K, used 23616K [0x00000000d5580000, 0x00000000d7100000, 0x0000000100000000)
  eden space 22016K, 100% used [0x00000000d5580000,0x00000000d6b00000,0x00000000d6b00000)
  from space 3584K, 44% used [0x00000000d6b00000,0x00000000d6c90000,0x00000000d6e80000)
  to   space 2560K, 0% used [0x00000000d6e80000,0x00000000d6e80000,0x00000000d7100000)
 ParOldGen       total 68608K, used 21972K [0x0000000080000000, 0x0000000084300000, 0x00000000d5580000)
  object space 68608K, 32% used [0x0000000080000000,0x0000000081575268,0x0000000084300000)
 Metaspace       used 44699K, committed 45952K, reserved 1114112K
  class space    used 4854K, committed 5440K, reserved 1048576K
}
Event: 24.709 GC heap after
{Heap after GC invocations=20 (full 2):
 PSYoungGen      total 24064K, used 1600K [0x00000000d5580000, 0x00000000d7080000, 0x0000000100000000)
  eden space 22016K, 0% used [0x00000000d5580000,0x00000000d5580000,0x00000000d6b00000)
  from space 2048K, 78% used [0x00000000d6e80000,0x00000000d7010000,0x00000000d7080000)
  to   space 2048K, 0% used [0x00000000d6c80000,0x00000000d6c80000,0x00000000d6e80000)
 ParOldGen       total 68608K, used 23345K [0x0000000080000000, 0x0000000084300000, 0x00000000d5580000)
  object space 68608K, 34% used [0x0000000080000000,0x00000000816cc700,0x0000000084300000)
 Metaspace       used 44699K, committed 45952K, reserved 1114112K
  class space    used 4854K, committed 5440K, reserved 1048576K
}
Event: 42.147 GC heap before
{Heap before GC invocations=21 (full 2):
 PSYoungGen      total 24064K, used 23616K [0x00000000d5580000, 0x00000000d7080000, 0x0000000100000000)
  eden space 22016K, 100% used [0x00000000d5580000,0x00000000d6b00000,0x00000000d6b00000)
  from space 2048K, 78% used [0x00000000d6e80000,0x00000000d7010000,0x00000000d7080000)
  to   space 2048K, 0% used [0x00000000d6c80000,0x00000000d6c80000,0x00000000d6e80000)
 ParOldGen       total 68608K, used 23345K [0x0000000080000000, 0x0000000084300000, 0x00000000d5580000)
  object space 68608K, 34% used [0x0000000080000000,0x00000000816cc700,0x0000000084300000)
 Metaspace       used 45850K, committed 47104K, reserved 1114112K
  class space    used 4986K, committed 5504K, reserved 1048576K
}
Event: 44.163 GC heap after
{Heap after GC invocations=21 (full 2):
 PSYoungGen      total 24064K, used 2022K [0x00000000d5580000, 0x00000000d7080000, 0x0000000100000000)
  eden space 22016K, 0% used [0x00000000d5580000,0x00000000d5580000,0x00000000d6b00000)
  from space 2048K, 98% used [0x00000000d6c80000,0x00000000d6e79a98,0x00000000d6e80000)
  to   space 2048K, 0% used [0x00000000d6e80000,0x00000000d6e80000,0x00000000d7080000)
 ParOldGen       total 68608K, used 29564K [0x0000000080000000, 0x0000000084300000, 0x00000000d5580000)
  object space 68608K, 43% used [0x0000000080000000,0x0000000081cdf178,0x0000000084300000)
 Metaspace       used 45850K, committed 47104K, reserved 1114112K
  class space    used 4986K, committed 5504K, reserved 1048576K
}

Dll operation events (10 events):
Event: 0.035 Loaded shared library c:\Users\osiel\.vscode\extensions\redhat.java-1.52.0-win32-x64\jre\21.0.9-win32-x86_64\bin\java.dll
Event: 0.196 Loaded shared library c:\Users\osiel\.vscode\extensions\redhat.java-1.52.0-win32-x64\jre\21.0.9-win32-x86_64\bin\zip.dll
Event: 0.241 Loaded shared library C:\Users\osiel\.vscode\extensions\redhat.java-1.52.0-win32-x64\jre\21.0.9-win32-x86_64\bin\instrument.dll
Event: 0.254 Loaded shared library C:\Users\osiel\.vscode\extensions\redhat.java-1.52.0-win32-x64\jre\21.0.9-win32-x86_64\bin\net.dll
Event: 0.260 Loaded shared library C:\Users\osiel\.vscode\extensions\redhat.java-1.52.0-win32-x64\jre\21.0.9-win32-x86_64\bin\nio.dll
Event: 0.267 Loaded shared library C:\Users\osiel\.vscode\extensions\redhat.java-1.52.0-win32-x64\jre\21.0.9-win32-x86_64\bin\zip.dll
Event: 0.313 Loaded shared library C:\Users\osiel\.vscode\extensions\redhat.java-1.52.0-win32-x64\jre\21.0.9-win32-x86_64\bin\jimage.dll
Event: 0.457 Loaded shared library c:\Users\osiel\.vscode\extensions\redhat.java-1.52.0-win32-x64\jre\21.0.9-win32-x86_64\bin\verify.dll
Event: 6.000 Loaded shared library C:\Users\osiel\AppData\Roaming\Code\User\globalStorage\redhat.java\1.52.0\config_win\org.eclipse.equinox.launcher\org.eclipse.equinox.launcher.win32.win32.x86_64_1.2.1500.v20260121-1430\eclipse_11919.dll
Event: 11.137 Loaded shared library C:\Users\osiel\AppData\Local\Temp\jna-76488268\jna12641185051841162770.dll

Deoptimization events (20 events):
Event: 38.284 Thread 0x00000290e860dfa0 Uncommon trap: trap_request=0xffffff45 fr.pc=0x0000029095175aa0 relative=0x0000000000000660
Event: 38.284 Thread 0x00000290e860dfa0 Uncommon trap: reason=unstable_if action=reinterpret pc=0x0000029095175aa0 method=java.util.HashMap.putVal(ILjava/lang/Object;Ljava/lang/Object;ZZ)Ljava/lang/Object; @ 94 c2
Event: 38.284 Thread 0x00000290e860dfa0 DEOPT PACKING pc=0x0000029095175aa0 sp=0x000000a433cfe8a0
Event: 38.285 Thread 0x00000290e860dfa0 DEOPT UNPACKING pc=0x0000029094a23aa2 sp=0x000000a433cfe7c0 mode 2
Event: 38.389 Thread 0x00000290e860dfa0 Uncommon trap: trap_request=0xffffff45 fr.pc=0x0000029094fe0628 relative=0x0000000000000168
Event: 38.389 Thread 0x00000290e860dfa0 Uncommon trap: reason=unstable_if action=reinterpret pc=0x0000029094fe0628 method=java.util.HashMap.getNode(Ljava/lang/Object;)Ljava/util/HashMap$Node; @ 131 c2
Event: 38.390 Thread 0x00000290e860dfa0 DEOPT PACKING pc=0x0000029094fe0628 sp=0x000000a433cfea30
Event: 38.390 Thread 0x00000290e860dfa0 DEOPT UNPACKING pc=0x0000029094a23aa2 sp=0x000000a433cfe940 mode 2
Event: 38.390 Thread 0x00000290e860dfa0 Uncommon trap: trap_request=0xffffff45 fr.pc=0x000002909506cd38 relative=0x00000000000001d8
Event: 38.390 Thread 0x00000290e860dfa0 Uncommon trap: reason=unstable_if action=reinterpret pc=0x000002909506cd38 method=java.util.HashMap.getNode(Ljava/lang/Object;)Ljava/util/HashMap$Node; @ 131 c2
Event: 38.390 Thread 0x00000290e860dfa0 DEOPT PACKING pc=0x000002909506cd38 sp=0x000000a433cfe950
Event: 38.390 Thread 0x00000290e860dfa0 DEOPT UNPACKING pc=0x0000029094a23aa2 sp=0x000000a433cfe8d0 mode 2
Event: 41.915 Thread 0x00000290e860dfa0 DEOPT PACKING pc=0x000002908dce19a1 sp=0x000000a433cfdd20
Event: 41.915 Thread 0x00000290e860dfa0 DEOPT UNPACKING pc=0x0000029094a24242 sp=0x000000a433cfd1e0 mode 0
Event: 41.917 Thread 0x00000290e860dfa0 Uncommon trap: trap_request=0xffffff45 fr.pc=0x00000290950b7240 relative=0x0000000000000440
Event: 41.917 Thread 0x00000290e860dfa0 Uncommon trap: reason=unstable_if action=reinterpret pc=0x00000290950b7240 method=java.util.regex.Pattern$BmpCharPropertyGreedy.match(Ljava/util/regex/Matcher;ILjava/lang/CharSequence;)Z @ 12 c2
Event: 41.917 Thread 0x00000290e860dfa0 DEOPT PACKING pc=0x00000290950b7240 sp=0x000000a433cfdc60
Event: 41.917 Thread 0x00000290e860dfa0 DEOPT UNPACKING pc=0x0000029094a23aa2 sp=0x000000a433cfdbf8 mode 2
Event: 44.202 Thread 0x00000290ea894380 DEOPT PACKING pc=0x000002908da8dd9f sp=0x000000a435efe1d0
Event: 44.202 Thread 0x00000290ea894380 DEOPT UNPACKING pc=0x0000029094a24242 sp=0x000000a435efd6a8 mode 0

Classes loaded (20 events):
Event: 41.546 Loading class sun/nio/cs/Surrogate
Event: 41.658 Loading class sun/nio/cs/Surrogate done
Event: 41.659 Loading class sun/util/locale/provider/TimeZoneNameUtility
Event: 41.760 Loading class sun/util/locale/provider/TimeZoneNameUtility done
Event: 41.760 Loading class sun/util/locale/provider/TimeZoneNameUtility$TimeZoneNameGetter
Event: 41.811 Loading class sun/util/locale/provider/TimeZoneNameUtility$TimeZoneNameGetter done
Event: 41.812 Loading class sun/util/cldr/CLDRTimeZoneNameProviderImpl
Event: 41.912 Loading class sun/util/locale/provider/TimeZoneNameProviderImpl
Event: 41.913 Loading class sun/util/locale/provider/TimeZoneNameProviderImpl done
Event: 41.913 Loading class sun/util/cldr/CLDRTimeZoneNameProviderImpl done
Event: 41.917 Loading class sun/util/resources/cldr/TimeZoneNames
Event: 44.164 Loading class sun/util/resources/TimeZoneNamesBundle
Event: 44.222 Loading class sun/util/resources/OpenListResourceBundle
Event: 44.231 Loading class sun/util/resources/OpenListResourceBundle done
Event: 44.231 Loading class sun/util/resources/TimeZoneNamesBundle done
Event: 44.231 Loading class sun/util/resources/cldr/TimeZoneNames done
Event: 44.232 Loading class sun/util/resources/cldr/TimeZoneNames_en
Event: 45.200 Loading class sun/util/resources/cldr/TimeZoneNames_en done
Event: 45.201 Loading class sun/util/resources/cldr/TimeZoneNames_en_US
Event: 45.201 Loading class sun/util/resources/cldr/TimeZoneNames_en_US done

Classes unloaded (7 events):
Event: 17.345 Thread 0x000002908a341ab0 Unloading class 0x00000290a21acc00 'java/lang/invoke/LambdaForm$MH+0x00000290a21acc00'
Event: 17.345 Thread 0x000002908a341ab0 Unloading class 0x00000290a21ac800 'java/lang/invoke/LambdaForm$MH+0x00000290a21ac800'
Event: 17.345 Thread 0x000002908a341ab0 Unloading class 0x00000290a21ac400 'java/lang/invoke/LambdaForm$MH+0x00000290a21ac400'
Event: 17.345 Thread 0x000002908a341ab0 Unloading class 0x00000290a21ac000 'java/lang/invoke/LambdaForm$MH+0x00000290a21ac000'
Event: 17.345 Thread 0x000002908a341ab0 Unloading class 0x00000290a21abc00 'java/lang/invoke/LambdaForm$BMH+0x00000290a21abc00'
Event: 17.345 Thread 0x000002908a341ab0 Unloading class 0x00000290a21ab800 'java/lang/invoke/LambdaForm$DMH+0x00000290a21ab800'
Event: 17.345 Thread 0x000002908a341ab0 Unloading class 0x00000290a21aa400 'java/lang/invoke/LambdaForm$DMH+0x00000290a21aa400'

Classes redefined (0 events):
No events

Internal exceptions (20 events):
Event: 23.873 Thread 0x00000290e8c63250 Exception <a 'java/lang/NoSuchMethodError'{0x00000000d58c03a0}: 'void java.lang.invoke.DirectMethodHandle$Holder.invokeStaticInit(java.lang.Object, java.lang.Object, java.lang.Object)'> (0x00000000d58c03a0) 
thrown [s\src\hotspot\share\interpreter\linkResolver.cpp, line 773]
Event: 23.886 Thread 0x00000290e8c63250 Exception <a 'java/lang/ExceptionInInitializerError'{0x00000000d5902410}> (0x00000000d5902410) 
thrown [s\src\hotspot\share\oops\instanceKlass.cpp, line 1220]
Event: 23.917 Thread 0x00000290e8c63250 Implicit null exception at 0x000002909509eefe to 0x000002909509f170
Event: 23.917 Thread 0x00000290e8c63250 Implicit null exception at 0x000002909501ca1c to 0x000002909501d948
Event: 23.922 Thread 0x00000290e8c63250 Exception <a 'java/lang/NoSuchMethodError'{0x00000000d59bee40}: 'java.lang.Object java.lang.invoke.Invokers$Holder.invokeExact_MT(java.lang.Object, int, java.lang.Object)'> (0x00000000d59bee40) 
thrown [s\src\hotspot\share\interpreter\linkResolver.cpp, line 773]
Event: 24.451 Thread 0x000002908a2a0250 Implicit null exception at 0x000002909518ddba to 0x000002909518ddf4
Event: 24.494 Thread 0x00000290e8c63f70 Exception <a 'sun/nio/fs/WindowsException'{0x00000000d652aab0}> (0x00000000d652aab0) 
thrown [s\src\hotspot\share\prims\jni.cpp, line 520]
Event: 24.556 Thread 0x00000290e8c63f70 Exception <a 'java/io/FileNotFoundException'{0x00000000d67d9d70}> (0x00000000d67d9d70) 
thrown [s\src\hotspot\share\prims\jni.cpp, line 520]
Event: 24.557 Thread 0x00000290e8c63f70 Exception <a 'java/io/FileNotFoundException'{0x00000000d67db018}> (0x00000000d67db018) 
thrown [s\src\hotspot\share\prims\jni.cpp, line 520]
Event: 24.561 Thread 0x00000290e8c63f70 Exception <a 'java/lang/NoSuchMethodError'{0x00000000d67e9240}: 'java.lang.Object java.lang.invoke.DirectMethodHandle$Holder.newInvokeSpecial(java.lang.Object, java.lang.Object, java.lang.Object, int)'> (0x00000000d67e9240) 
thrown [s\src\hotspot\share\interpreter\linkResolver.cpp, line 773]
Event: 24.561 Thread 0x00000290e8c63f70 Exception <a 'java/lang/NoSuchMethodError'{0x00000000d67eceb8}: 'java.lang.Object java.lang.invoke.DirectMethodHandle$Holder.invokeSpecial(java.lang.Object, java.lang.Object, java.lang.Object, java.lang.Object, int)'> (0x00000000d67eceb8) 
thrown [s\src\hotspot\share\interpreter\linkResolver.cpp, line 773]
Event: 24.563 Thread 0x00000290e8c63f70 Exception <a 'java/lang/NoSuchMethodError'{0x00000000d67f0600}: 'java.lang.Object java.lang.invoke.Invokers$Holder.linkToTargetMethod(java.lang.Object, java.lang.Object, int, java.lang.Object)'> (0x00000000d67f0600) 
thrown [s\src\hotspot\share\interpreter\linkResolver.cpp, line 773]
Event: 24.615 Thread 0x00000290e8c63250 Exception <a 'java/lang/NoClassDefFoundError'{0x00000000d6968950}: com/google/inject/servlet/ServletModuleTargetVisitor> (0x00000000d6968950) 
thrown [s\src\hotspot\share\classfile\systemDictionary.cpp, line 301]
Event: 24.712 Thread 0x00000290e8c63250 Exception <a 'java/lang/NoSuchMethodError'{0x00000000d55907c8}: 'java.lang.Object java.lang.invoke.DirectMethodHandle$Holder.invokeStatic(java.lang.Object, int, java.lang.Object, java.lang.Object)'> (0x00000000d55907c8) 
thrown [s\src\hotspot\share\interpreter\linkResolver.cpp, line 773]
Event: 24.712 Thread 0x00000290e8c63250 Exception <a 'java/lang/NoSuchMethodError'{0x00000000d5593fc8}: 'java.lang.Object java.lang.invoke.DelegatingMethodHandle$Holder.delegate(java.lang.Object, int, java.lang.Object, java.lang.Object)'> (0x00000000d5593fc8) 
thrown [s\src\hotspot\share\interpreter\linkResolver.cpp, line 773]
Event: 24.721 Thread 0x00000290e8c63250 Exception <a 'java/lang/NoSuchMethodError'{0x00000000d55a7768}: 'int java.lang.invoke.Invokers$Holder.linkToTargetMethod(java.lang.Object, java.lang.Object, java.lang.Object)'> (0x00000000d55a7768) 
thrown [s\src\hotspot\share\interpreter\linkResolver.cpp, line 773]
Event: 28.528 Thread 0x00000290e8c63f70 Exception <a 'java/io/FileNotFoundException'{0x00000000d5ca3628}> (0x00000000d5ca3628) 
thrown [s\src\hotspot\share\prims\jni.cpp, line 520]
Event: 28.629 Thread 0x00000290e8c63f70 Exception <a 'java/io/FileNotFoundException'{0x00000000d5ca4370}> (0x00000000d5ca4370) 
thrown [s\src\hotspot\share\prims\jni.cpp, line 520]
Event: 40.870 Thread 0x00000290ea894380 Exception <a 'java/io/IOException'{0x00000000d6926020}> (0x00000000d6926020) 
thrown [s\src\hotspot\share\prims\jni.cpp, line 520]
Event: 41.658 Thread 0x00000290ea894380 Exception <a 'java/io/FileNotFoundException'{0x00000000d69a4068}> (0x00000000d69a4068) 
thrown [s\src\hotspot\share\prims\jni.cpp, line 520]

ZGC Phase Switch (0 events):
No events

VM Operations (20 events):
Event: 36.733 Executing VM operation: Cleanup
Event: 37.270 Executing VM operation: Cleanup done
Event: 38.281 Executing VM operation: Cleanup
Event: 38.281 Executing VM operation: Cleanup done
Event: 38.324 Executing VM operation: HandshakeAllThreads (Deoptimize)
Event: 38.324 Executing VM operation: HandshakeAllThreads (Deoptimize) done
Event: 39.333 Executing VM operation: Cleanup
Event: 39.501 Executing VM operation: Cleanup done
Event: 41.520 Executing VM operation: Cleanup
Event: 41.546 Executing VM operation: Cleanup done
Event: 42.103 Executing VM operation: ParallelGCFailedAllocation (Allocation Failure)
Event: 44.163 Executing VM operation: ParallelGCFailedAllocation (Allocation Failure) done
Event: 45.167 Executing VM operation: Cleanup
Event: 45.199 Executing VM operation: Cleanup done
Event: 46.212 Executing VM operation: Cleanup
Event: 46.212 Executing VM operation: Cleanup done
Event: 47.222 Executing VM operation: Cleanup
Event: 47.222 Executing VM operation: Cleanup done
Event: 48.226 Executing VM operation: Cleanup
Event: 48.226 Executing VM operation: Cleanup done

Memory protections (0 events):
No events

Nmethod flushes (20 events):
Event: 21.555 Thread 0x000002908a341ab0 flushing  nmethod 0x000002908db2c590
Event: 21.555 Thread 0x000002908a341ab0 flushing  nmethod 0x000002908db2cd10
Event: 21.555 Thread 0x000002908a341ab0 flushing  nmethod 0x000002908db2e690
Event: 21.555 Thread 0x000002908a341ab0 flushing  nmethod 0x000002908db2ef90
Event: 21.555 Thread 0x000002908a341ab0 flushing  nmethod 0x000002908db30190
Event: 21.555 Thread 0x000002908a341ab0 flushing  nmethod 0x000002908db32210
Event: 21.555 Thread 0x000002908a341ab0 flushing  nmethod 0x000002908db33c10
Event: 21.555 Thread 0x000002908a341ab0 flushing  nmethod 0x000002908db51d10
Event: 21.555 Thread 0x000002908a341ab0 flushing  nmethod 0x000002908db59d10
Event: 21.555 Thread 0x000002908a341ab0 flushing  nmethod 0x000002908db68a90
Event: 21.555 Thread 0x000002908a341ab0 flushing  nmethod 0x000002908db69f10
Event: 21.555 Thread 0x000002908a341ab0 flushing  nmethod 0x000002908db6fb10
Event: 21.555 Thread 0x000002908a341ab0 flushing  nmethod 0x000002908db77190
Event: 21.555 Thread 0x000002908a341ab0 flushing  nmethod 0x000002908db82490
Event: 21.555 Thread 0x000002908a341ab0 flushing  nmethod 0x000002908db82990
Event: 21.555 Thread 0x000002908a341ab0 flushing  nmethod 0x000002908dbc0f90
Event: 21.555 Thread 0x000002908a341ab0 flushing  nmethod 0x000002908dbdc890
Event: 21.555 Thread 0x000002908a341ab0 flushing  nmethod 0x000002908dc00490
Event: 21.555 Thread 0x000002908a341ab0 flushing  nmethod 0x000002908dc04710
Event: 21.555 Thread 0x000002908a341ab0 flushing  nmethod 0x000002908dc16e10

Events (20 events):
Event: 22.603 Thread 0x000002908a2a0250 Thread added: 0x00000290ea893cf0
Event: 22.604 Thread 0x000002908a2a0250 Thread added: 0x00000290ea894380
Event: 28.995 Thread 0x00000290e8c63f70 Thread added: 0x00000290ea894a10
Event: 29.047 Thread 0x00000290e8c63f70 Thread added: 0x00000290ea891590
Event: 29.742 Thread 0x00000290ea894a10 Thread added: 0x00000290ea9455c0
Event: 29.743 Thread 0x00000290ea9455c0 Thread added: 0x00000290ea945c50
Event: 29.744 Thread 0x00000290ea945c50 Thread added: 0x00000290ea9462e0
Event: 29.744 Thread 0x00000290ea9462e0 Thread added: 0x00000290ea943b80
Event: 29.745 Thread 0x00000290ea943b80 Thread added: 0x00000290ea944210
Event: 29.745 Thread 0x00000290ea944210 Thread added: 0x00000290ea946970
Event: 29.745 Thread 0x00000290ea946970 Thread added: 0x00000290ea9434f0
Event: 29.746 Thread 0x00000290ea9434f0 Thread added: 0x00000290ea9448a0
Event: 29.746 Thread 0x00000290ea9448a0 Thread added: 0x00000290ea944f30
Event: 36.229 Thread 0x00000290e2f305f0 Thread added: 0x00000290e9c7f930
Event: 38.402 Thread 0x00000290e2f305f0 Thread added: 0x00000290e9031a60
Event: 41.708 Thread 0x00000290e9031a60 Thread exited: 0x00000290e9031a60
Event: 42.091 Thread 0x00000290e9c7f930 Thread exited: 0x00000290e9c7f930
Event: 44.165 Thread 0x000002908a35e670 Thread added: 0x00000290e9c7f930
Event: 45.200 Thread 0x00000290e9c7f930 Thread added: 0x00000290e9031a60
Event: 46.276 Thread 0x00000290e9031a60 Thread exited: 0x00000290e9031a60


Dynamic libraries:
0x00007ff6f0150000 - 0x00007ff6f015e000 	c:\Users\osiel\.vscode\extensions\redhat.java-1.52.0-win32-x64\jre\21.0.9-win32-x86_64\bin\java.exe
0x00007ffbc2800000 - 0x00007ffbc2a68000 	C:\WINDOWS\SYSTEM32\ntdll.dll
0x00007ffbc0c20000 - 0x00007ffbc0ce9000 	C:\WINDOWS\System32\KERNEL32.DLL
0x00007ffbbfd90000 - 0x00007ffbc0181000 	C:\WINDOWS\System32\KERNELBASE.dll
0x00007ffbc0190000 - 0x00007ffbc02db000 	C:\WINDOWS\System32\ucrtbase.dll
0x00007ffbaf780000 - 0x00007ffbaf798000 	c:\Users\osiel\.vscode\extensions\redhat.java-1.52.0-win32-x64\jre\21.0.9-win32-x86_64\bin\jli.dll
0x00007ffbaf350000 - 0x00007ffbaf36e000 	c:\Users\osiel\.vscode\extensions\redhat.java-1.52.0-win32-x64\jre\21.0.9-win32-x86_64\bin\VCRUNTIME140.dll
0x00007ffbc1160000 - 0x00007ffbc1326000 	C:\WINDOWS\System32\USER32.dll
0x00007ffbae840000 - 0x00007ffbaead3000 	C:\WINDOWS\WinSxS\amd64_microsoft.windows.common-controls_6595b64144ccf1df_6.0.26100.7824_none_3e0870b2e3345462\COMCTL32.dll
0x00007ffbc04c0000 - 0x00007ffbc04e7000 	C:\WINDOWS\System32\win32u.dll
0x00007ffbc0670000 - 0x00007ffbc0719000 	C:\WINDOWS\System32\msvcrt.dll
0x00007ffbc2790000 - 0x00007ffbc27bb000 	C:\WINDOWS\System32\GDI32.dll
0x00007ffbc02e0000 - 0x00007ffbc040b000 	C:\WINDOWS\System32\gdi32full.dll
0x00007ffbc04f0000 - 0x00007ffbc0593000 	C:\WINDOWS\System32\msvcp_win.dll
0x00007ffbc1dd0000 - 0x00007ffbc1e01000 	C:\WINDOWS\System32\IMM32.DLL
0x00007ffbba370000 - 0x00007ffbba37c000 	c:\Users\osiel\.vscode\extensions\redhat.java-1.52.0-win32-x64\jre\21.0.9-win32-x86_64\bin\vcruntime140_1.dll
0x00007ffbaef10000 - 0x00007ffbaef9d000 	c:\Users\osiel\.vscode\extensions\redhat.java-1.52.0-win32-x64\jre\21.0.9-win32-x86_64\bin\msvcp140.dll
0x00007ffb52cf0000 - 0x00007ffb53a90000 	c:\Users\osiel\.vscode\extensions\redhat.java-1.52.0-win32-x64\jre\21.0.9-win32-x86_64\bin\server\jvm.dll
0x00007ffbc05b0000 - 0x00007ffbc0664000 	C:\WINDOWS\System32\ADVAPI32.dll
0x00007ffbc0b70000 - 0x00007ffbc0c16000 	C:\WINDOWS\System32\sechost.dll
0x00007ffbc13a0000 - 0x00007ffbc14b8000 	C:\WINDOWS\System32\RPCRT4.dll
0x00007ffbc1f20000 - 0x00007ffbc1f94000 	C:\WINDOWS\System32\WS2_32.dll
0x00007ffbb88c0000 - 0x00007ffbb88f5000 	C:\WINDOWS\SYSTEM32\WINMM.dll
0x00007ffbb8d20000 - 0x00007ffbb8d2b000 	C:\WINDOWS\SYSTEM32\VERSION.dll
0x00007ffbbef40000 - 0x00007ffbbef9e000 	C:\WINDOWS\SYSTEM32\POWRPROF.dll
0x00007ffbbef20000 - 0x00007ffbbef34000 	C:\WINDOWS\SYSTEM32\UMPDC.dll
0x00007ffbbde80000 - 0x00007ffbbde9b000 	C:\WINDOWS\SYSTEM32\kernel.appcore.dll
0x00007ffbaf700000 - 0x00007ffbaf70a000 	c:\Users\osiel\.vscode\extensions\redhat.java-1.52.0-win32-x64\jre\21.0.9-win32-x86_64\bin\jimage.dll
0x00007ffbbd070000 - 0x00007ffbbd2b2000 	C:\WINDOWS\SYSTEM32\DBGHELP.DLL
0x00007ffbc0720000 - 0x00007ffbc0aa6000 	C:\WINDOWS\System32\combase.dll
0x00007ffbc1080000 - 0x00007ffbc1157000 	C:\WINDOWS\System32\OLEAUT32.dll
0x00007ffbad4e0000 - 0x00007ffbad51b000 	C:\WINDOWS\SYSTEM32\dbgcore.DLL
0x00007ffbc0410000 - 0x00007ffbc04b5000 	C:\WINDOWS\System32\bcryptPrimitives.dll
0x00007ffbaf340000 - 0x00007ffbaf34f000 	c:\Users\osiel\.vscode\extensions\redhat.java-1.52.0-win32-x64\jre\21.0.9-win32-x86_64\bin\instrument.dll
0x00007ffbaf320000 - 0x00007ffbaf340000 	c:\Users\osiel\.vscode\extensions\redhat.java-1.52.0-win32-x64\jre\21.0.9-win32-x86_64\bin\java.dll
0x00007ffbc1fa0000 - 0x00007ffbc26f2000 	C:\WINDOWS\System32\SHELL32.dll
0x00007ffbbf0e0000 - 0x00007ffbbf24a000 	C:\WINDOWS\System32\wintypes.dll
0x00007ffbbf3d0000 - 0x00007ffbbfc33000 	C:\WINDOWS\System32\windows.storage.dll
0x00007ffbc0f80000 - 0x00007ffbc1076000 	C:\WINDOWS\System32\SHCORE.dll
0x00007ffbc1d30000 - 0x00007ffbc1d97000 	C:\WINDOWS\System32\shlwapi.dll
0x00007ffbbf000000 - 0x00007ffbbf029000 	C:\WINDOWS\SYSTEM32\profapi.dll
0x00007ffbaf300000 - 0x00007ffbaf318000 	c:\Users\osiel\.vscode\extensions\redhat.java-1.52.0-win32-x64\jre\21.0.9-win32-x86_64\bin\zip.dll
0x00007ffbaf2f0000 - 0x00007ffbaf300000 	C:\Users\osiel\.vscode\extensions\redhat.java-1.52.0-win32-x64\jre\21.0.9-win32-x86_64\bin\net.dll
0x00007ffbb5920000 - 0x00007ffbb5a47000 	C:\WINDOWS\SYSTEM32\WINHTTP.dll
0x00007ffbbe3f0000 - 0x00007ffbbe45b000 	C:\WINDOWS\system32\mswsock.dll
0x00007ffbaefd0000 - 0x00007ffbaefe6000 	C:\Users\osiel\.vscode\extensions\redhat.java-1.52.0-win32-x64\jre\21.0.9-win32-x86_64\bin\nio.dll
0x00007ffbaf2e0000 - 0x00007ffbaf2f0000 	c:\Users\osiel\.vscode\extensions\redhat.java-1.52.0-win32-x64\jre\21.0.9-win32-x86_64\bin\verify.dll
0x00007ffba3d20000 - 0x00007ffba3d65000 	C:\Users\osiel\AppData\Roaming\Code\User\globalStorage\redhat.java\1.52.0\config_win\org.eclipse.equinox.launcher\org.eclipse.equinox.launcher.win32.win32.x86_64_1.2.1500.v20260121-1430\eclipse_11919.dll
0x00007ffbc14c0000 - 0x00007ffbc1657000 	C:\WINDOWS\System32\ole32.dll
0x00007ffbbe6d0000 - 0x00007ffbbe6eb000 	C:\WINDOWS\SYSTEM32\CRYPTSP.dll
0x00007ffbbdde0000 - 0x00007ffbbde19000 	C:\WINDOWS\system32\rsaenh.dll
0x00007ffbbe4a0000 - 0x00007ffbbe4cb000 	C:\WINDOWS\SYSTEM32\USERENV.dll
0x00007ffbbefd0000 - 0x00007ffbbeffa000 	C:\WINDOWS\SYSTEM32\bcrypt.dll
0x00007ffbbe6c0000 - 0x00007ffbbe6cc000 	C:\WINDOWS\SYSTEM32\CRYPTBASE.dll
0x00007ffbbd860000 - 0x00007ffbbd894000 	C:\WINDOWS\SYSTEM32\IPHLPAPI.DLL
0x00007ffbc0d80000 - 0x00007ffbc0d8a000 	C:\WINDOWS\System32\NSI.dll
0x00007ffb908c0000 - 0x00007ffb90909000 	C:\Users\osiel\AppData\Local\Temp\jna-76488268\jna12641185051841162770.dll
0x00007ffbc0cf0000 - 0x00007ffbc0cf8000 	C:\WINDOWS\System32\PSAPI.DLL
0x00007ffbb57d0000 - 0x00007ffbb57ee000 	C:\WINDOWS\SYSTEM32\dhcpcsvc6.DLL
0x00007ffbb58f0000 - 0x00007ffbb5913000 	C:\WINDOWS\SYSTEM32\dhcpcsvc.DLL

JVMTI agents:
c:\Users\osiel\.vscode\extensions\redhat.java-1.52.0-win32-x64\lombok\lombok-1.18.39-4050.jar path:c:\Users\osiel\.vscode\extensions\redhat.java-1.52.0-win32-x64\jre\21.0.9-win32-x86_64\bin\instrument.dll, loaded, initialized, instrumentlib options:none

dbghelp: loaded successfully - version: 4.0.5 - missing functions: none
symbol engine: initialized successfully - sym options: 0x614 - pdb path: .;c:\Users\osiel\.vscode\extensions\redhat.java-1.52.0-win32-x64\jre\21.0.9-win32-x86_64\bin;C:\WINDOWS\SYSTEM32;C:\WINDOWS\WinSxS\amd64_microsoft.windows.common-controls_6595b64144ccf1df_6.0.26100.7824_none_3e0870b2e3345462;c:\Users\osiel\.vscode\extensions\redhat.java-1.52.0-win32-x64\jre\21.0.9-win32-x86_64\bin\server;C:\Users\osiel\AppData\Roaming\Code\User\globalStorage\redhat.java\1.52.0\config_win\org.eclipse.equinox.launcher\org.eclipse.equinox.launcher.win32.win32.x86_64_1.2.1500.v20260121-1430;C:\Users\osiel\AppData\Local\Temp\jna-76488268

VM Arguments:
jvm_args: --add-modules=ALL-SYSTEM --add-opens=java.base/java.util=ALL-UNNAMED --add-opens=java.base/java.lang=ALL-UNNAMED --add-opens=java.base/sun.nio.fs=ALL-UNNAMED -Declipse.application=org.eclipse.jdt.ls.core.id1 -Dosgi.bundles.defaultStartLevel=4 -Declipse.product=org.eclipse.jdt.ls.core.product -Djava.import.generatesMetadataFilesAtProjectRoot=false -DDetectVMInstallationsJob.disabled=true -Dfile.encoding=utf8 -XX:+UseParallelGC -XX:GCTimeRatio=4 -XX:AdaptiveSizePolicyWeight=90 -Dsun.zip.disableMemoryMapping=true -Xmx2G -Xms100m -Xlog:disable -javaagent:c:\Users\osiel\.vscode\extensions\redhat.java-1.52.0-win32-x64\lombok\lombok-1.18.39-4050.jar -XX:+HeapDumpOnOutOfMemoryError -XX:HeapDumpPath=c:\Users\osiel\AppData\Roaming\Code\User\workspaceStorage\e80fa791bf202e7e74fa27a104db6c74\redhat.java -Daether.dependencyCollector.impl=bf 
java_command: c:\Users\osiel\.vscode\extensions\redhat.java-1.52.0-win32-x64\server\plugins\org.eclipse.equinox.launcher_1.7.100.v20251111-0406.jar -configuration c:\Users\osiel\AppData\Roaming\Code\User\globalStorage\redhat.java\1.52.0\config_win -data c:\Users\osiel\AppData\Roaming\Code\User\workspaceStorage\e80fa791bf202e7e74fa27a104db6c74\redhat.java\jdt_ws --pipe=\\.\pipe\lsp-bc7a2666390cef45d408562227a5a891-sock
java_class_path (initial): c:\Users\osiel\.vscode\extensions\redhat.java-1.52.0-win32-x64\server\plugins\org.eclipse.equinox.launcher_1.7.100.v20251111-0406.jar
Launcher Type: SUN_STANDARD

[Global flags]
    uintx AdaptiveSizePolicyWeight                 = 90                                        {product} {command line}
     intx CICompilerCount                          = 4                                         {product} {ergonomic}
    uintx GCTimeRatio                              = 4                                         {product} {command line}
     bool HeapDumpOnOutOfMemoryError               = true                                   {manageable} {command line}
    ccstr HeapDumpPath                             = c:\Users\osiel\AppData\Roaming\Code\User\workspaceStorage\e80fa791bf202e7e74fa27a104db6c74\redhat.java         {manageable} {command line}
   size_t InitialHeapSize                          = 104857600                                 {product} {command line}
   size_t MaxHeapSize                              = 2147483648                                {product} {command line}
   size_t MaxNewSize                               = 715653120                                 {product} {ergonomic}
   size_t MinHeapDeltaBytes                        = 524288                                    {product} {ergonomic}
   size_t MinHeapSize                              = 104857600                                 {product} {command line}
   size_t NewSize                                  = 34603008                                  {product} {ergonomic}
    uintx NonNMethodCodeHeapSize                   = 5839372                                {pd product} {ergonomic}
    uintx NonProfiledCodeHeapSize                  = 122909434                              {pd product} {ergonomic}
   size_t OldSize                                  = 70254592                                  {product} {ergonomic}
    uintx ProfiledCodeHeapSize                     = 122909434                              {pd product} {ergonomic}
    uintx ReservedCodeCacheSize                    = 251658240                              {pd product} {ergonomic}
     bool SegmentedCodeCache                       = true                                      {product} {ergonomic}
   size_t SoftMaxHeapSize                          = 2147483648                             {manageable} {ergonomic}
     bool UseCompressedOops                        = true                           {product lp64_product} {ergonomic}
     bool UseLargePagesIndividualAllocation        = false                                  {pd product} {ergonomic}
     bool UseParallelGC                            = true                                      {product} {command line}

Logging:
Log output configuration:
 #0: stdout all=off uptime,level,tags foldmultilines=false
 #1: stderr all=off uptime,level,tags foldmultilines=false

Release file:
JAVA_VERSION="21.0.9" 
MODULES="java.base java.compiler java.datatransfer java.xml java.prefs java.desktop java.instrument java.logging java.management java.security.sasl java.naming java.rmi java.management.rmi java.net.http java.scripting java.security.jgss java.transaction.xa java.sql java.sql.rowset java.xml.crypto java.se java.smartcardio jdk.accessibility jdk.internal.jvmstat jdk.attach jdk.charsets jdk.internal.opt jdk.zipfs jdk.compiler jdk.crypto.ec jdk.crypto.cryptoki jdk.crypto.mscapi jdk.dynalink jdk.internal.ed jdk.editpad jdk.hotspot.agent jdk.httpserver jdk.internal.le jdk.internal.vm.ci jdk.internal.vm.compiler jdk.internal.vm.compiler.management jdk.jartool jdk.javadoc jdk.jcmd jdk.management jdk.management.agent jdk.jconsole jdk.jdeps jdk.jdwp.agent jdk.jdi jdk.jfr jdk.jshell jdk.jsobject jdk.jstatd jdk.localedata jdk.management.jfr jdk.naming.dns jdk.naming.rmi jdk.net jdk.nio.mapmode jdk.random jdk.sctp jdk.security.auth jdk.security.jgss jdk.unsupported jdk.unsupported.desktop jdk.xml.dom" 

Environment Variables:
JAVA_HOME=C:\Program Files\Java\jdk-23
PATH=C:\Program Files\Common Files\Oracle\Java\javapath;C:\Program Files\Microsoft\jdk-11.0.16.101-hotspot\bin;C:\Program Files\Java\jdk-20;C:\Windows\system32;C:\Windows;C:\Windows\System32\Wbem;C:\Windows\System32\WindowsPowerShell\v1.0\;C:\Windows\System32\OpenSSH\;C:\WINDOWS\system32;C:\WINDOWS;C:\WINDOWS\System32\Wbem;C:\WINDOWS\System32\WindowsPowerShell\v1.0\;C:\WINDOWS\System32\OpenSSH\;C:\Program Files\Git\cmd;C:\Program Files\Git\mingw64\bin;C:\Program Files\Git\usr\bin;C:\Users\osiel\AppData\Roaming\nvm;C:\xampp\php;C:\ProgramData\ComposerSetup\bin;C:\ProgramData\chocolatey\bin;C:\Users\osiel\AppData\Local\Programs\Python\Python311\Scripts;C:\Program Files\Docker\Docker\resources\bin;C:\Users\osiel\AppData\Local\Programs\Python\Python311\Scripts\;C:\Users\osiel\AppData\Local\Programs\Python\Python311\;C:\Users\osiel\AppData\Local\Microsoft\WindowsAp;C:\Program Files\dotnet\;C:\WINDOWS\system32\config\systemprofile\AppData\Local\Muse Hub\lib;C:\Program Files\GitHub CLI\;C:\WINDOWS\system32;C:\WINDOWS;C:\WINDOWS\System32\Wbem;C:\WINDOWS\System32\WindowsPowerShell\v1.0\;C:\WINDOWS\System32\OpenSSH\;C:\Program Files (x86)\Google\Cloud SDK\google-cloud-sdk\bin;C:\Users\osiel\AppData\Roaming\nvm;C:\nvm4w\nodejs;C:\Program Files\Amazon\AWSCLIV2\;C:\Users\osiel\AppData\Local\Programs\Python\Python311\Scripts\;C:\Users\osiel\AppData\Local\Programs\Python\Python311\;C:\Users\osiel\AppData\Local\Microsoft\WindowsApps;C:\msys64\mingw64\bin;C:\Users\osiel\AppData\Local\Programs\oh-my-posh\bin;C:\Users\osiel\AppData\Roaming\nvm;C:\Users\osiel\AppData\Roaming\Composer\vendor\bin;C:\Users\osiel\AppData\Roaming\npm;C:\Users\osiel\AppData\Local\Programs\Python\Python311\Scripts;C:\Users\osiel\.dotnet\tools;C:\Program Files\JetBrains\DataGrip 2023.2.2\bin;C:\Users\osiel\.fly\bin;C:\Users\osiel\flutter\bin;C:\Temp\lightsailctl\;C:\Users\osiel\AppData\Local\Muse Hub\lib;C:\Users\osiel\AppData\Local\Programs\Microsoft VS Code\bin;C:\Users\osiel\AppData\Local\Microsoft\WinGet\Packages\Schniz.fnm_Microsoft.Winget.Source_8wekyb3d8bbwe;C:\Program Files\JetBrains\DataGrip 2025.2.3\bin;C:\Users\osiel\AppData\Local\Microsoft\WindowsApps;C:\Users\osiel\AppData\Local\Programs\Antigravity\bin;C:\Users\osiel\AppData\Local\JetBrains\Toolbox\scripts;C:\Users\osiel\AppData\Roaming\nvm;C:\nvm4w\nodejs;C:\Program Files\JetBrains\IntelliJ IDEA 2025.3.2\bin
USERNAME=Osiel
OS=Windows_NT
PROCESSOR_IDENTIFIER=AMD64 Family 23 Model 104 Stepping 1, AuthenticAMD
TMP=C:\Users\osiel\AppData\Local\Temp
TEMP=C:\Users\osiel\AppData\Local\Temp




Periodic native trim disabled

---------------  S Y S T E M  ---------------

OS:
 Windows 11 , 64 bit Build 26100 (10.0.26100.7705)
OS uptime: 0 days 3:26 hours
Hyper-V role detected

CPU: total 12 (initial active 12) (12 cores per cpu, 2 threads per core) family 23 model 104 stepping 1 microcode 0x8608109, cx8, cmov, fxsr, ht, mmx, 3dnowpref, sse, sse2, sse3, ssse3, sse4a, sse4.1, sse4.2, popcnt, lzcnt, tsc, tscinvbit, avx, avx2, aes, clmul, bmi1, bmi2, adx, sha, fma, vzeroupper, clflush, clflushopt, hv, rdtscp, rdpid, f16c
Processor Information for the first 12 processors :
  Max Mhz: 2100, Current Mhz: 1700, Mhz Limit: 2100

Memory: 4k page, system-wide physical 5989M (872M free)
TotalPageFile size 24421M (AvailPageFile size 1M)
current process WorkingSet (physical memory assigned to process): 150M, peak: 186M
current process commit charge ("private bytes"): 321M, peak: 337M

vm_info: OpenJDK 64-Bit Server VM (21.0.9+10-LTS) for windows-amd64 JRE (21.0.9+10-LTS), built on 2025-10-21T00:00:00Z by "admin" with unknown MS VC++:1942

END.
